Project root: /tmp/arch-index-binding-calibration-33RByH/candidate
Scanning /tmp/arch-index-binding-calibration-33RByH/candidate/_build/default/lib/arch_index for .cmt/.cmti files...
Found 25 .cmt and 25 .cmti files
Found 250 exposed names, 184 doc comments
Backed up 0 module intents, 0 function intents, 0 type intents
Resolving 6145 pending calls...
Inserted 6145 calls (1883 resolved to known functions)
Resolving 18 module dependencies...
Inserted 18 module deps (15 resolved to known modules)
Resolving 1836 type usages...
Inserted 1836 type usages (34 resolved to known types)

Done! Indexed:
  25 modules
  956 functions
  67 types (237 record fields, 80 variant constructors)
  6145 calls (1883 resolved)
  18 module deps (15 resolved)
  1836 type usages (34 resolved)
Database: /tmp/arch-index-binding-calibration-33RByH/origin-D.db
Indexed: 25 modules, 956 functions, 67 types, 6145 calls
