Project root: /tmp/arch-index-binding-calibration-gmKL2l/base
Scanning /tmp/arch-index-binding-calibration-gmKL2l/base/_build/default for .cmt/.cmti files...
Found 134 .cmt and 81 .cmti files
Found 352 exposed names, 254 doc comments
Backed up 0 module intents, 0 function intents, 0 type intents
Resolving 22272 pending calls...
Inserted 22272 calls (9771 resolved to known functions)
Resolving 103 module dependencies...
Inserted 103 module deps (85 resolved to known modules)
Resolving 5520 type usages...
Inserted 5520 type usages (112 resolved to known types)

Done! Indexed:
  122 modules
  3843 functions
  135 types (441 record fields, 173 variant constructors)
  22272 calls (9771 resolved)
  103 module deps (85 resolved)
  5520 type usages (112 resolved)
Database: /tmp/arch-index-binding-calibration-gmKL2l/ceiling-B.db
Indexed: 122 modules, 3843 functions, 135 types, 22272 calls
