Testing `arch_tools'.
This run has ID `KYUXD54V'.

  [OK]          path              0   normalise.
  [OK]          selector          0   glob_match.
  [OK]          format            0   float_to_string.

Full test results in `~/dev/arch-index-worktrees/functor-path-census/_build/default/test/_build/_tests/arch_tools'.
Test Successful in 0.000s. 3 tests run.
Testing `arch_effects'.
This run has ID `3H2ZBY1B'.

  [OK]          value_kind            0   to_string.
  [OK]          value_kind            1   of_string_roundtrip.
  [OK]          value_kind            2   of_string_unknown.
  [OK]          soundness             0   to_string.
  [OK]          effects_db            0   write_effects_happy.
  [OK]          effects_db            1   write_effects_missing.
  [OK]          effects_load          0   load_happy.
  [OK]          effects_load          1   load_bad_json.

Full test results in `~/dev/arch-index-worktrees/functor-path-census/_build/default/test/_build/_tests/arch_effects'.
Test Successful in 0.002s. 8 tests run.
Testing `arch_capabilities'.
This run has ID `61QF5D4L'.

  [OK]          capability_types                  0   reachability_class_roun...
  [OK]          capability_types                  1   reachability_class_unkn...
  [OK]          capability_types                  2   edge_type_roundtrip.
  [OK]          capability_types                  3   edge_type_unknown.
  [OK]          sidecar_yaml                      0   parse_capabilities.
  [OK]          sidecar_yaml                      1   missing_file.
  [OK]          sidecar_yaml                      2   empty_yield_is_error.
  [OK]          sidecar_yaml                      3   blank_no_error.
  [OK]          sidecar_yaml                      4   parse_value_touched.
  [OK]          sidecar_yaml                      5   strip_inline_comments.
  [OK]          sidecar_yaml                      6   parse_edge_paths.
  [OK]          capability_db                     0   write_capabilities_roun...
  [OK]          capability_db                     1   write_capabilities_dist...
  [OK]          capability_db                     2   write_attack_edges_roun...
  [OK]          capability_db                     3   write_attack_edges_dedup.
  [OK]          capability_db                     4   write_capabilities_miss...
  [OK]          regression_g4_end_to_end          0   actor_paths_end_to_end.

Full test results in `~/dev/arch-index-worktrees/functor-path-census/_build/default/test/_build/_tests/arch_capabilities'.
Test Successful in 0.005s. 17 tests run.
Testing `arch-index parsers'.
This run has ID `NLPZDIOP'.

  [OK]          Comment_parser          0   empty comment.
  [OK]          Comment_parser          1   JSDoc @tag syntax: full.
  [OK]          Comment_parser          2   OCaml {tag} syntax.
  [OK]          Comment_parser          3   violators: Present_none.
  [OK]          Comment_parser          4   score: maximum 100.
  [OK]          Comment_parser          5   summary extraction.
  [OK]          Comment_parser          6   score: Present_none < Present.
  [OK]          Comment_parser          7   parse_violators_json: none → None.
  [OK]          Comment_parser          8   parse_violators_json: entry.
  [OK]          Comment_parser          9   parse_violators_json: multiple.

Full test results in `~/dev/arch-index-worktrees/functor-path-census/_build/default/test/_build/_tests/arch-index parsers'.
Test Successful in 0.001s. 10 tests run.
Testing `arch_index_cfg'.
This run has ID `TKJ0GW0U'.

  [OK]          postdom          0   single_block.
  [OK]          postdom          1   diamond.
  [OK]          postdom          2   loop.
  [OK]          postdom          3   exitless.
  [OK]          postdom          4   terminator_split.
  [OK]          postdom          5   all_arms_diverge.
  [OK]          postdom          6   terminator_with_handler.

Full test results in `~/dev/arch-index-worktrees/functor-path-census/_build/default/test/_build/_tests/arch_index_cfg'.
Test Successful in 0.000s. 7 tests run.
Testing `arch_index_compare'.
This run has ID `UJFKXYL1'.

  [OK]          compare_bodies          0   not_found.
  [OK]          compare_bodies          1   single_occurrence_is_identical.
  [OK]          compare_bodies          2   identical_ignores_whitespace.
  [OK]          compare_bodies          3   differing_bodies.
  [OK]          compare_bodies          4   empty_bodies_are_identical_but_no...

Full test results in `~/dev/arch-index-worktrees/functor-path-census/_build/default/test/_build/_tests/arch_index_compare'.
Test Successful in 0.004s. 5 tests run.
Testing `lsp_uri'.
This run has ID `L311QBXL'.

  [OK]          file_uri_of_path          0   a relative path is absolutised.
  [OK]          file_uri_of_path          1   a bare relative path is absolut...
  [OK]          file_uri_of_path          2   an absolute path is preserved.
  [OK]          file_uri_of_path          3   interior dot segments collapse.
  [OK]          relative_path             0   a relative project dir still re...
  [OK]          relative_path             1   a prefix without a separator bo...
  [OK]          relative_path             2   the root itself does not raise.
  [OK]          relative_path             3   parent segments resolve.
  [OK]          relative_path             4   both sides are normalised.
  [OK]          relative_path             5   a foreign path is left alone.
  [OK]          path_of_file_uri          0   round-trip.
  [OK]          path_of_file_uri          1   a bare scheme is not consumed.
  [OK]          path_of_file_uri          2   a non-URI is returned unchanged.
  [OK]          path_of_file_uri          3   the triple-slash form is handled.

Full test results in `~/dev/arch-index-worktrees/functor-path-census/_build/default/test/_build/_tests/lsp_uri'.
Test Successful in 0.001s. 14 tests run.
arch-errors: channel e: 'Stdlib.ignore' matched nothing
arch-errors: channel e: 'Stdlib.ignore' matched nothing
arch-errors: channel r: 'Stdlib.Error' matched nothing
arch-errors: channel r: 'Stdlib.Result.value' matched nothing
arch-errors: channel r: 'Stdlib.Result.fold' matched nothing
arch-errors: channel r: 'Stdlib.Result.get_ok' matched nothing
arch-errors: channel r: 'Stdlib.Result.bind' matched nothing
arch-errors: channel r: 'Stdlib.Result.Syntax.let*' matched nothing
arch-errors: channel r: 'Stdlib.Result.Syntax.and*' matched nothing
arch-errors: channel r: 'Stdlib.Result.map_error' matched nothing
arch-errors: channel r: 'Stdlib.result' matched nothing
arch-errors: channel r: 'Lwt.t' matched nothing
arch-errors: channel result: 'Stdlib.Error' matched nothing
arch-errors: channel result: 'Stdlib.Result.value' matched nothing
arch-errors: channel result: 'Stdlib.Result.fold' matched nothing
arch-errors: channel result: 'Stdlib.Result.get_ok' matched nothing
arch-errors: channel result: 'Stdlib.Result.bind' matched nothing
arch-errors: channel result: 'Stdlib.Result.Syntax.let*' matched nothing
arch-errors: channel result: 'Stdlib.Result.Syntax.and*' matched nothing
arch-errors: channel result: 'Stdlib.Result.map_error' matched nothing
arch-errors: channel result: 'result' matched nothing
arch-errors: channel result: 'Stdlib.result' matched nothing
arch-errors: channel option: 'None' matched nothing
arch-errors: channel option: 'Stdlib.Option.value' matched nothing
arch-errors: channel option: 'Stdlib.Option.get' matched nothing
arch-errors: channel option: 'Stdlib.Option.fold' matched nothing
arch-errors: channel option: 'Stdlib.Option.bind' matched nothing
arch-errors: channel option: 'Stdlib.Option.Syntax.let*' matched nothing
arch-errors: channel option: 'Stdlib.Option.Syntax.and*' matched nothing
arch-errors: channel option: 'option' matched nothing
arch-errors: channel result: 'Stdlib.Error' matched nothing
arch-errors: channel result: 'Stdlib.Result.value' matched nothing
arch-errors: channel result: 'Stdlib.Result.fold' matched nothing
arch-errors: channel result: 'Stdlib.Result.get_ok' matched nothing
arch-errors: channel result: 'Stdlib.Result.bind' matched nothing
arch-errors: channel result: 'Stdlib.Result.Syntax.let*' matched nothing
arch-errors: channel result: 'Stdlib.Result.Syntax.and*' matched nothing
arch-errors: channel result: 'Stdlib.Result.map_error' matched nothing
arch-errors: channel result: 'result' matched nothing
arch-errors: channel result: 'Stdlib.result' matched nothing
arch-errors: channel option: 'None' matched nothing
arch-errors: channel option: 'Stdlib.Option.value' matched nothing
arch-errors: channel option: 'Stdlib.Option.get' matched nothing
arch-errors: channel option: 'Stdlib.Option.fold' matched nothing
arch-errors: channel option: 'Stdlib.Option.bind' matched nothing
arch-errors: channel option: 'Stdlib.Option.Syntax.let*' matched nothing
arch-errors: channel option: 'Stdlib.Option.Syntax.and*' matched nothing
arch-errors: channel option: 'Fx.never_there' matched nothing
arch-errors: channel result: 'Stdlib.Error' matched nothing
arch-errors: channel result: 'Stdlib.Result.value' matched nothing
arch-errors: channel result: 'Stdlib.Result.fold' matched nothing
arch-errors: channel result: 'Stdlib.Result.get_ok' matched nothing
arch-errors: channel result: 'Stdlib.Result.bind' matched nothing
arch-errors: channel result: 'Stdlib.Result.Syntax.let*' matched nothing
arch-errors: channel result: 'Stdlib.Result.Syntax.and*' matched nothing
arch-errors: channel result: 'Stdlib.Result.map_error' matched nothing
arch-errors: channel result: 'result' matched nothing
arch-errors: channel result: 'Stdlib.result' matched nothing
arch-errors: channel option: 'None' matched nothing
arch-errors: channel option: 'Stdlib.Option.value' matched nothing
arch-errors: channel option: 'Stdlib.Option.get' matched nothing
arch-errors: channel option: 'Stdlib.Option.fold' matched nothing
arch-errors: channel option: 'Stdlib.Option.bind' matched nothing
arch-errors: channel option: 'Stdlib.Option.Syntax.let*' matched nothing
arch-errors: channel option: 'Stdlib.Option.Syntax.and*' matched nothing
arch-errors: channel r: 'Stdlib.Error' matched nothing
arch-errors: channel r: 'Stdlib.Result.value' matched nothing
arch-errors: channel r: 'Stdlib.Result.fold' matched nothing
arch-errors: channel r: 'Stdlib.Result.get_ok' matched nothing
arch-errors: channel r: 'Stdlib.Result.bind' matched nothing
arch-errors: channel r: 'Stdlib.Result.Syntax.let*' matched nothing
arch-errors: channel r: 'Stdlib.Result.Syntax.and*' matched nothing
arch-errors: channel r: 'Stdlib.Result.map_error' matched nothing
arch-errors: channel r: 'Stdlib.result' matched nothing
[19:57:52.582] [SUCCESS] (1/320) helpers: the shared string search holds at its boundaries
[19:57:52.582] [SUCCESS] (2/320) helpers: find_upwards stops at the enclosing dune-project
[19:57:52.582] [SUCCESS] (3/320) registry-gaps: the R3 detector reports exactly the unregistered paths
[19:57:52.797] [SUCCESS] (4/320) cmt: module-language shapes
[19:58:02.832] [SUCCESS] (5/320) index: one polyglot repository, one database
[19:58:02.840] [SUCCESS] (6/320) docs: curation-workflow SQL blocks still run
[19:58:02.864] [SUCCESS] (7/320) load: NDJSON to a contract-marked index
[19:58:02.888] [SUCCESS] (8/320) load: refuses what it cannot carry faithfully
[19:58:02.943] [SUCCESS] (9/320) health: facts are exact, measures are not gates
[19:58:02.964] [SUCCESS] (10/320) health: refuses a flat index rather than answering emptily
[19:58:02.992] [SUCCESS] (11/320) contract: reaches under-approximates, unreachable over-approximates
[19:58:03.008] [SUCCESS] (12/320) contract: refuses rather than answering unsoundly
[19:58:03.023] [SUCCESS] (13/320) contract: an unknown name is refused on the flat schema too
[19:58:03.032] [SUCCESS] (14/320) contract: an unreadable index exits 2, never 3
[19:58:03.078] [SUCCESS] (15/320) duplicates: a proof, a single, and a difference
[19:58:03.098] [SUCCESS] (16/320) duplicates: unreadable bodies are unverifiable, not proven
[19:58:03.116] [SUCCESS] (17/320) duplicates: refuses an index with no source mapping
[19:58:04.162] [SUCCESS] (18/320) curation: a load is all-or-nothing, and appends
[19:58:04.263] [SUCCESS] (19/320) curation: provenance is mandatory and the log only grows
[19:58:04.276] [SUCCESS] (20/320) curation: an optional module field disambiguates a same-named function (#35)
[19:58:04.286] [SUCCESS] (21/320) curation: gardening open must not drop in_progress tasks (#34)
[19:58:04.302] [SUCCESS] (22/320) curation: a bare and a module-qualified record for one name are rejected together
[19:58:04.309] [SUCCESS] (23/320) mutants: the plan partitions the index and carries its tests
[19:58:04.318] [SUCCESS] (24/320) mutants: a ⊤ edge inside the test cone destroys the proof
[19:58:04.328] [SUCCESS] (25/320) mutants: the allowlist is engine-consumable and never empty by accident
[19:58:04.340] [SUCCESS] (26/320) mutants: survivors are attributed to the innermost span
[19:58:04.372] [SUCCESS] (27/320) mutants: the mutaml adapter reads both encodings and refuses the rest
[19:58:04.376] [SUCCESS] (28/320) mutants: a NULL-kind edge makes targeting unsound
[19:58:04.386] [SUCCESS] (29/320) decision-lint: an alias dies with any name it depends on
[19:58:04.394] [SUCCESS] (30/320) decision-lint: solver noise must not shift the verdict stream
[19:58:34.403] [SUCCESS] (31/320) decision-lint: a solver that goes silent must not hang the run
[19:58:34.412] [SUCCESS] (32/320) decision-lint: a missing solver is reported absent, not dead
[19:58:34.419] [SUCCESS] (33/320) coverage: no data is not zero, and ⊤-only coverage is flagged apart
[19:58:34.453] [SUCCESS] (34/320) coverage: a malformed tracefile aborts instead of reporting 0%
[19:58:34.458] [SUCCESS] (35/320) coverage: a covered function always lands in some bucket
[19:58:34.472] [SUCCESS] (36/320) coverage: covered with surviving mutants is tested-by-nothing
[19:58:34.487] [SUCCESS] (37/320) coverage: a name shared with a non-instrumented function is ambiguous
[19:58:34.497] [SUCCESS] (38/320) coverage: --write replaces rather than accumulates
[19:58:34.500] [SUCCESS] (39/320) coverage: a NULL-kind edge makes reachability unsound
[19:58:34.516] [SUCCESS] (40/320) serve: a main-schema index is declined, not crashed on
[19:58:34.561] [SUCCESS] (41/320) serve: the flat schema is served over HTTP
[19:58:34.571] [SUCCESS] (42/320) rules: the five verdicts stay distinct
[19:58:34.581] [SUCCESS] (43/320) rules: a glob boundary slip breaks verdicts both ways
[19:58:34.613] [SUCCESS] (44/320) rules: the exit-code policy, including the flags that disable it
[19:58:34.618] [SUCCESS] (45/320) rules: a misspelled --format aborts rather than falling back to text
[19:58:34.637] [SUCCESS] (46/320) rules: a rule file it cannot parse aborts the gate
[19:58:34.647] [SUCCESS] (47/320) rules: an un-⊤-marked index can never yield PASS
[19:58:34.660] [SUCCESS] (48/320) rules: a rule that was never evaluated is not a passing rule
[19:58:34.667] [SUCCESS] (49/320) rules: VIOLATION/POSSIBLE/UNKNOWN carry a concrete witness path; PASS carries none
[19:58:34.672] [SUCCESS] (50/320) rules: VIOLATION's witness walks must_fwd even when a shorter fwd path exists
[19:58:34.686] [SUCCESS] (51/320) rules: the text summary must not report a three-state verdict as one number
[19:58:34.705] [SUCCESS] (52/320) rules: the summary census partitions the rules, and the gate is a separate line
[19:58:34.719] [SUCCESS] (53/320) rules: an escaping cone and an un-⊤-marked index are not the same UNKNOWN
[19:58:34.779] [SUCCESS] (54/320) rules: --on-vacuous covers every rule form, not only `reach`
[19:58:34.864] [SUCCESS] (55/320) rules: ext: names external leaves, and is refused where it would be inert
[19:58:34.874] [SUCCESS] (56/320) rules: an internal function cannot be classified ext: even with a dangling module_id
[19:58:35.006] [SUCCESS] (57/320) rules origin: context and site caps stay independent (one_site)
[19:58:35.141] [SUCCESS] (58/320) rules origin: context and site caps stay independent (distinct_sites)
[19:58:35.287] [SUCCESS] (59/320) rules origin: an exemption is bounded by its count, not by its four fields
[19:58:35.471] [SUCCESS] (60/320) rules origin: the parser refuses what it cannot serve, and says which character
[19:58:35.594] [SUCCESS] (61/320) rules origin: an index with no origin data reports NOT_COMPUTED, never PASS
[19:58:35.728] [SUCCESS] (62/320) rules origin: the allow-file survives a '|' in a name, and refuses a duplicate
[19:58:35.879] [SUCCESS] (63/320) rules origin: the coverage figure, the channel scope, and the escapes filter
[19:58:36.015] [SUCCESS] (64/320) rules origin: an index older than the channel column is handled, not crashed into
[19:58:36.164] [SUCCESS] (65/320) pcc: pcc-index answers in one strict JSON object, or not at all
[19:58:36.220] [SUCCESS] (66/320) pcc: a broken build produces no stdout to misread
[19:58:36.417] [SUCCESS] (67/320) pcc: pcc-dossier reports a FAIL verdict without becoming one
[19:58:37.023] [SUCCESS] (68/320) pcc: pcc-preflight tells a passing suite from a failing one
[19:58:37.952] [SUCCESS] (69/320) callgraph-go: the three edge kinds and the verdicts they license
[19:58:38.732] [SUCCESS] (70/320) callgraph-go: a cgo wrapper call is a ⊤ anchor
[19:58:41.889] [SUCCESS] (71/320) lsp: Go is indexed with Go's own visibility rule
[19:58:44.021] [SUCCESS] (72/320) lsp: Rust keeps its module nesting and its call edges
[19:58:50.450] [SUCCESS] (73/320) lsp: TypeScript enrichment actually reaches the rows
[19:58:50.554] [SUCCESS] (74/320) cmt: nested modules and functors are indexed where they are written
[19:58:50.648] [SUCCESS] (75/320) functor catalogue: indexes one ordinary application
[19:58:50.648] [SUCCESS] (76/320) functor catalogue: selection deduplicates exact strings only
[19:58:50.669] [SUCCESS] (77/320) functor catalogue: native artifact and lifecycle premises hold
[19:58:50.759] [SUCCESS] (78/320) functor catalogue: preserves preorder and operand shapes
[19:58:50.850] [SUCCESS] (79/320) functor catalogue: one unreadable input prevents eligibility
[19:58:50.948] [SUCCESS] (80/320) functor catalogue: query renders a validated snapshot
[19:58:51.138] [SUCCESS] (81/320) functor catalogue independent checker: inventory
[19:58:51.503] [SUCCESS] (82/320) functor catalogue independent checker: lifecycle
[19:58:52.911] [SUCCESS] (83/320) functor catalogue independent checker: query
[19:58:53.121] [SUCCESS] (84/320) functor catalogue independent checker: compatibility
[19:58:54.271] [SUCCESS] (85/320) functor bindings independent checker: inventory
[19:58:55.050] [SUCCESS] (86/320) functor bindings independent checker: lifecycle
[19:58:57.609] [SUCCESS] (87/320) functor bindings independent checker: query
[19:58:57.920] [SUCCESS] (88/320) functor bindings independent checker: compatibility
[19:58:58.026] [SUCCESS] (89/320) functor bindings: native traversal keeps shadowed identities and deferred binders distinct
[19:58:58.133] [SUCCESS] (90/320) functor bindings: native unit anonymous roots and refusal shapes are explicit
[19:58:58.140] [SUCCESS] (91/320) functor bindings: storage failure rolls back partial rows and failed-row failure stays absent
[19:58:58.147] [SUCCESS] (92/320) functor bindings: SQLite transaction rollback makes savepoint recovery uncertain
[19:58:58.228] [SUCCESS] (93/320) functor bindings: premise-checked typedtree identity mutations fail closed
[19:58:58.330] [SUCCESS] (94/320) functor bindings: local identity alias chain resolves the terminal declaration
[19:58:58.432] [SUCCESS] (95/320) functor bindings: literal curried application links both formal positions
[19:58:58.449] [SUCCESS] (96/320) functor binding finalizer schema: flat_discriminator
[19:58:58.470] [SUCCESS] (97/320) functor binding finalizer schema: missing_column
[19:58:58.483] [SUCCESS] (98/320) functor binding finalizer: marker write failure rolls back its transaction
[19:58:58.503] [SUCCESS] (99/320) functor binding finalizer parity: missing result
[19:58:58.524] [SUCCESS] (100/320) functor binding finalizer parity: missing input
[19:58:58.543] [SUCCESS] (101/320) functor binding finalizer parity: failed input
[19:58:58.563] [SUCCESS] (102/320) functor binding finalizer parity: expected bindings
[19:58:58.583] [SUCCESS] (103/320) functor binding finalizer parity: expected declarations
[19:58:58.602] [SUCCESS] (104/320) functor binding finalizer parity: missing declaration
[19:58:58.622] [SUCCESS] (105/320) functor binding finalizer parity: empty declaration key
[19:58:58.640] [SUCCESS] (106/320) functor binding finalizer parity: empty declaration name
[19:58:58.660] [SUCCESS] (107/320) functor binding finalizer parity: empty formals
[19:58:58.679] [SUCCESS] (108/320) functor binding finalizer parity: malformed formals
[19:58:58.698] [SUCCESS] (109/320) functor binding finalizer parity: formal extra key
[19:58:58.717] [SUCCESS] (110/320) functor binding finalizer parity: formal duplicate key
[19:58:58.737] [SUCCESS] (111/320) functor binding finalizer parity: formal empty name
[19:58:58.756] [SUCCESS] (112/320) functor binding finalizer parity: formal noncontiguous
[19:58:58.775] [SUCCESS] (113/320) functor binding finalizer parity: declaration location
[19:58:58.794] [SUCCESS] (114/320) functor binding finalizer parity: declaration coordinates
[19:58:58.814] [SUCCESS] (115/320) functor binding finalizer parity: binding storage class
[19:58:58.834] [SUCCESS] (116/320) functor binding finalizer parity: binding position
[19:58:58.852] [SUCCESS] (117/320) functor binding finalizer parity: binding head
[19:58:58.872] [SUCCESS] (118/320) functor binding finalizer parity: binding kind
[19:58:58.892] [SUCCESS] (119/320) functor binding finalizer parity: unresolved reason
[19:58:58.911] [SUCCESS] (120/320) functor binding finalizer parity: catalogue selected count
[19:58:58.931] [SUCCESS] (121/320) functor binding finalizer parity: catalogue count
[19:58:58.951] [SUCCESS] (122/320) functor binding finalizer parity: catalogue source
[19:58:58.970] [SUCCESS] (123/320) functor binding finalizer parity: catalogue producer
[19:58:58.990] [SUCCESS] (124/320) functor binding finalizer parity: catalogue input storage class
[19:58:59.009] [SUCCESS] (125/320) functor binding finalizer parity: catalogue ordinal
[19:58:59.028] [SUCCESS] (126/320) functor binding finalizer parity: catalogue descriptor
[19:58:59.045] [SUCCESS] (127/320) functor binding finalizer parity: catalogue diagnostics
[19:58:59.064] [SUCCESS] (128/320) functor binding finalizer parity: catalogue forward reference
[19:58:59.084] [SUCCESS] (129/320) functor binding finalizer parity: catalogue location
[19:58:59.102] [SUCCESS] (130/320) functor binding finalizer: collected zero applications is valid
[19:58:59.121] [SUCCESS] (131/320) functor bindings reader: duplicate result cannot replace a missing occurrence
[19:58:59.138] [SUCCESS] (132/320) functor bindings reader: direct match starts at formal position one
[19:58:59.156] [SUCCESS] (133/320) functor bindings reader: head ordinal equals the stripped catalogue head
[19:58:59.167] [SUCCESS] (134/320) functor bindings reader: valid declaration location may be non-ghost
[19:58:59.174] [SUCCESS] (135/320) functor bindings reader: begin-snapshot failure is operational without rollback
[19:58:59.182] [SUCCESS] (136/320) functor bindings reader: rollback failure supersedes a consistency refusal operationally
[19:58:59.191] [SUCCESS] (137/320) functor bindings reader: commit failure rolls back its snapshot
[19:58:59.291] [SUCCESS] (138/320) functor bindings: native direct application has formal provenance
[19:58:59.322] [SUCCESS] (139/320) impact: a hunk touches the span that contains it, and no other
[19:58:59.343] [SUCCESS] (140/320) impact: contract_ok is the strict check, not 'flag present'
[19:58:59.374] [SUCCESS] (141/320) impact: a span-less index degrades to file granularity, loudly
[19:58:59.441] [SUCCESS] (142/320) impact: the findings gate fires on touched lines and refuses when uncomputed
[19:58:59.443] [SUCCESS] (143/320) impact: a half line span is refused at load time
[19:58:59.469] [SUCCESS] (144/320) impact: a diff content line is not a file header
[19:58:59.599] [SUCCESS] (145/320) cmt: a closure with no ⊤ proves, one with a ⊤ does not
[19:58:59.758] [SUCCESS] (146/320) cmt: shadows, function values and callbacks resolve honestly
[19:58:59.857] [SUCCESS] (147/320) cmt: deferred code is not dead code
[19:59:00.277] [SUCCESS] (148/320) soundness: the dominance corpus
[19:59:00.368] [SUCCESS] (149/320) shadowed-definitions: no collision keeps the bare name
[19:59:00.462] [SUCCESS] (150/320) shadowed-definitions: same-level shadow keeps two rows with distinct edges (#41)
[19:59:00.560] [SUCCESS] (151/320) shadowed-definitions: a 3-way same-level shadow numbers and attributes correctly (#41)
[19:59:00.653] [SUCCESS] (152/320) shadowed-definitions: only the live binding is exposed via the .mli (#41)
[19:59:00.745] [SUCCESS] (153/320) shadowed-definitions: a nested-module same-level shadow is qualified and numbered (#41)
[19:59:00.856] [SUCCESS] (154/320) shadowed-definitions: a cross-module qualified call reaches the live definition, not the shadowed one (#41)
[19:59:01.516] [SUCCESS] (155/320) indexer: no wildcard binding is recorded as a function
[19:59:01.630] [SUCCESS] (156/320) indexer: every reported count equals the number of rows stored, even when rows are refused
[19:59:01.824] [SUCCESS] (157/320) effects: the OCaml CMT extractor answers all four questions
[19:59:03.507] [SUCCESS] (158/320) effects: the Go SSA extractor answers the same four
[19:59:03.527] [SUCCESS] (159/320) effects: a producer with no extractor still satisfies the contract
[19:59:03.555] [SUCCESS] (160/320) effects: name+path endpoints resolve to the right id, or to all, never to a wrong one
[19:59:08.581] [SUCCESS] (161/320) lsp: a refused symbol query names itself in the output
[19:59:18.589] [SUCCESS] (162/320) lsp: a refused call query is named once per file, not per attempt
[19:59:18.606] [SUCCESS] (163/320) runner diagnostics: missing LSP is reported without --verbose
[19:59:18.616] [SUCCESS] (164/320) runner diagnostics: LSP start failure is reported without --verbose
[19:59:28.628] [SUCCESS] (165/320) runner diagnostics: timeout and partial results are reported without --verbose
[19:59:28.636] [SUCCESS] (166/320) runner diagnostics: unexpected spawn error is reported without --verbose
[19:59:28.863] [SUCCESS] (167/320) readiness: a closed indexing phase is reported as such
[19:59:31.090] [warn] readiness fell back to the quiescence heuristic across the gap: honest, but the indexing phase was missed
[19:59:31.090] [SUCCESS] (168/320) readiness: a gap between phases is not the server reporting completion
[19:59:36.117] [SUCCESS] (169/320) readiness: a server that reports no progress says so
[19:59:36.124] [SUCCESS] (170/320) Arch_index_db.rejections_by_table: per-table attribution of rejected rows
[19:59:36.131] [SUCCESS] (171/320) Arch_index_support.schema_tables_to_drop covers every producer-written table
[19:59:36.220] [SUCCESS] (172/320) completion markers: every meta key a run writes is classified
[19:59:36.337] [SUCCESS] (173/320) completion markers: none survives a re-index that indexes nothing
[19:59:36.450] [SUCCESS] (174/320) escaping-origins: fatal origins in the closure, with coverage and MAY/MUST
[19:59:36.553] [SUCCESS] (175/320) escaping-origins: an ambiguous WHOLE-MODULE root is refused, never unioned
[19:59:36.664] [SUCCESS] (176/320) escaping-origins: the reported channel is the one queried, both ways
[19:59:36.791] [SUCCESS] (177/320) escaping-origins: a root suffix must align on a path boundary
[19:59:36.917] [SUCCESS] (178/320) escaping-origins: an unentered closure says so, rather than reading as clean
[19:59:36.924] [SUCCESS] (179/320) escaping-origins: an index with no origin table is refused before any output
[19:59:37.038] [SUCCESS] (180/320) escaping-origins: --forms selects, and an unknown form is refused
[19:59:37.158] [SUCCESS] (181/320) escaping-origins: an ambiguous root is refused, never unioned
[19:59:37.277] [SUCCESS] (182/320) point-free aliases: a local alias emits a MAY_ENUMERATED value_alias edge
[20:00:02.689] [SUCCESS] (183/320) point-free aliases: the flat schema carries edge_form too (S5)
[20:00:02.806] [SUCCESS] (184/320) point-free aliases: fan-in does not count an alias as a caller
[20:00:02.934] [SUCCESS] (185/320) point-free aliases: callers-of and god-modules exclude alias edges
[20:00:03.083] [SUCCESS] (186/320) point-free aliases: an alias inherits its target's raise set
[20:00:03.181] [SUCCESS] (187/320) phantom origins: an omitted optional argument is not a returned None (3.14)
[20:00:03.273] [SUCCESS] (188/320) phantom origins: a synthetic None still OBSERVES the declared path (3.14)
[20:00:03.417] [SUCCESS] (189/320) module-alias heads: an alias-rooted head is rewritten, marked and never MUST
[20:00:03.546] [SUCCESS] (190/320) module-alias heads: a nested rebinding resolves to ITS target, not the toplevel one
[20:00:03.687] [SUCCESS] (191/320) module-alias heads: callers-of, fan-in and god-modules all COUNT a rewritten edge
[20:00:03.789] [SUCCESS] (192/320) arch-report: every finding in report.json appears in the SARIF and the HTML (CHECK-5)
[20:00:03.896] [SUCCESS] (193/320) arch-report: a failed analysis never renders covered, and reaches all three channels
[20:00:04.071] [SUCCESS] (194/320) arch-report: report.sarif validates against the published 2.1.0 schema (CHECK-4)
[20:00:04.184] [SUCCESS] (195/320) arch-report: an analysis that did not run renders explicitly, never as absent (FR-024)
[20:00:04.297] [SUCCESS] (196/320) arch-report: imported heuristic findings are rendered, with their own provenance
[20:00:04.471] [SUCCESS] (197/320) arch-report: --rules evaluates rules in the unified report
[20:00:04.511] [SUCCESS] (198/320) actionable report standalone check: rules
[20:00:04.552] [SUCCESS] (199/320) actionable report standalone check: ordering
[20:00:06.838] [SUCCESS] (200/320) actionable report standalone check: operands
[20:00:06.901] [SUCCESS] (201/320) actionable report standalone check: compatibility
[20:00:06.924] [SUCCESS] (202/320) actionable report checker exit mapping: assert
[20:00:06.945] [SUCCESS] (203/320) actionable report checker exit mapping: execution
[20:00:08.032] [SUCCESS] (204/320) origin recurring consumer: authentic
[20:00:11.348] [SUCCESS] (205/320) origin recurring consumer: failures
[20:00:11.568] [SUCCESS] (206/320) origin recurring consumer: package
[20:00:11.599] [SUCCESS] (207/320) origin recurring consumer checker exit: assert
[20:00:11.629] [SUCCESS] (208/320) origin recurring consumer checker exit: execution
[20:00:11.644] [SUCCESS] (209/320) arch-guard: authentic CMT inventory drives classification
[20:00:11.652] [SUCCESS] (210/320) arch-guard: constant-zero-v1 exact singleton transfer
[20:00:11.728] [SUCCESS] (211/320) arch-guard independent checker: report context
[20:00:11.983] [SUCCESS] (212/320) arch-guard independent checker: inventory
[20:00:12.497] [SUCCESS] (213/320) arch-guard independent checker: numeric
[20:00:19.252] [SUCCESS] (214/320) arch-guard independent checker: domain
[20:00:27.149] [SUCCESS] (215/320) arch-guard independent checker: inputs
[20:00:28.246] [SUCCESS] (216/320) arch-guard independent checker: report
[20:00:28.444] [SUCCESS] (217/320) arch-guard independent checker: owned
[20:00:28.467] [SUCCESS] (218/320) arch-guard independent checker: --assertion-control
[20:00:28.495] [SUCCESS] (219/320) arch-guard independent checker: --execution-control
[20:00:28.614] [SUCCESS] (220/320) sarif-in: an imported finding is heuristic and changes no edge (CHECK-1)
[20:00:28.732] [SUCCESS] (221/320) sarif-in: a merged log attributes each finding to ITS own tool, not the last one
[20:00:28.862] [SUCCESS] (222/320) sarif-in: an underscore is not a wildcard, a non-string level is not a warning
[20:00:28.979] [SUCCESS] (223/320) sarif-in: an index predating the table is refused before anything is written
[20:00:29.113] [SUCCESS] (224/320) sarif-in: unparseable writes no facts (CHECK-3); parseable-with-rejects is partial (CHECK-3-bis)
[20:00:29.227] [SUCCESS] (225/320) exported selector: exported:** is fn:** restricted to the API surface
[20:00:29.333] [SUCCESS] (226/320) exported selector: refused where it is not granted, before it can answer wrongly
[20:00:29.503] [SUCCESS] (227/320) exported selector: accepted in exactly ONE position, refused in every other
[20:00:29.512] [SUCCESS] (228/320) exported selector: the FLAT schema's own column is read (4.4)
[20:00:29.610] [SUCCESS] (229/320) escaping-origins --roots exported: the cone starts at the API surface, not everywhere
[20:00:29.707] [SUCCESS] (230/320) escaping-origins --roots exported: an index with no exports is REFUSED, not reported empty
[20:00:29.711] [SUCCESS] (231/320) escaping-origins --roots exported: a producer-shaped FLAT index is REFUSED, not answered empty
[20:00:29.808] [SUCCESS] (232/320) escaping-origins --roots exported: an index predating functions.exposed is REFUSED
[20:00:29.912] [SUCCESS] (233/320) escaping-origins --roots exported: the keyword shadows a function named exported, and qualifying escapes it
[20:00:29.919] [SUCCESS] (234/320) Arch_index_db.insert_function: a rejected row yields no id, not a neighbour's
[20:00:30.029] [SUCCESS] (235/320) indexer: a call to a function whose row was rejected is MAY_TOP, not a MUST external leaf
[20:00:30.138] [SUCCESS] (236/320) indexer: a rejected modules row indexes nothing from that unit, and its callers go to MAY_TOP
[20:00:30.251] [SUCCESS] (237/320) indexer: a rejected types row drops its fields and constructors rather than filing them under another type
[20:00:30.465] [SUCCESS] (238/320) cmt: a nested-module reference resolves to the linked unit
[20:00:30.701] [SUCCESS] (239/320) cmt: a qualified reference resolves within the library it names
[20:00:30.807] [SUCCESS] (240/320) cmt: two (wrapped false) libraries sharing a module name degrade to ⊤, never a guess
[20:00:30.926] [SUCCESS] (241/320) cmt: a reference through a cross-library re-export facade resolves to the real unit
[20:00:31.047] [SUCCESS] (242/320) cmt: an include-defined homonym never resolves into the other library — pinned, not endorsed
[20:00:31.151] [SUCCESS] (243/320) cmt: a reference rooted outside the index still binds a local homonym — pinned, not endorsed
[20:00:31.273] [SUCCESS] (244/320) cmt: a deeper include-defined homonym is not re-interpreted at the ANCHOR's own segment — pinned, not endorsed
[20:00:31.397] [SUCCESS] (245/320) cmt: include_subdirs qualified — a nested module resolves within its own library
[20:00:31.508] [SUCCESS] (246/320) cmt: a main module SHADOWING a sibling degrades to ⊤ — pinned, not endorsed
[20:00:31.632] [SUCCESS] (247/320) cmt: an aliased nested module can still bind an unlinked homonym — pinned, not endorsed
[20:00:31.743] [SUCCESS] (248/320) cmt: module_deps and type_usage still erase the owning library — pinned, not endorsed
[20:00:31.868] [SUCCESS] (249/320) cmt: a homonym unit below the anchor still binds a LINKED wrong library — pinned, not endorsed
[20:00:31.987] [SUCCESS] (250/320) cmt: a homonym unit name is never resolved to whichever library owns the row
[20:00:32.553] [SUCCESS] (251/320) cmt: the whole-repo MUST-with-NULL-callee count stays under its ceiling
[20:00:32.625] [SUCCESS] (252/320) arch-query: a bad limit argument is refused, not defaulted
[20:00:32.742] [SUCCESS] (253/320) exn: producer records origins, scopes and call scopes per node
[20:00:33.028] [SUCCESS] (254/320) exn: raises / raisers-of / exn-stats are handler-aware and ⊤-honest
[20:00:33.145] [SUCCESS] (255/320) error-channels: producer records value-channel origins, scopes and edges
[20:00:33.283] [SUCCESS] (256/320) error-channels: re-indexing an existing database is idempotent
[20:00:33.419] [SUCCESS] (257/320) error-channels: a re-index never inherits the previous run's completion markers
[20:00:33.515] [SUCCESS] (258/320) error-channels: --errors-strict succeeds when every declaration matches
[20:00:33.602] [SUCCESS] (259/320) error-channels: a channel shadowed by an earlier one is refused at load time
[20:00:33.686] [SUCCESS] (260/320) error-channels: shadowing a BUILT-IN channel is refused with an actionable remedy
[20:00:33.777] [SUCCESS] (261/320) error-channels: --errors-strict passes over a config that EXTENDS a built-in
[20:00:34.123] [SUCCESS] (262/320) error-channels: may-fail per channel
[20:00:34.235] [SUCCESS] (263/320) error-channels: config validation does not abort on a good file
[20:00:34.345] [SUCCESS] (264/320) error-channels: --errors-strict promotes a miss to fatal
[20:00:34.437] [SUCCESS] (265/320) error-channels: ARCH_ERRORS_PROFILES_DIR wins over <root>/profiles, and is printed
[20:00:34.449] [SUCCESS] (266/320) error-channels: a Flat-schema DB refuses NOT_ANALYSED on every channel
[20:00:34.638] [SUCCESS] (267/320) error-channels: [summaries] replaces external ⊤ with the declared set
[20:00:34.728] [SUCCESS] (268/320) provenance: Arch_index.run stamps a real producer_runs row on real functions/calls
[20:00:34.836] [SUCCESS] (269/320) provenance: re-indexing the same database does not accumulate producer_runs rows
[20:00:34.842] [SUCCESS] (270/320) provenance: functions/calls join producer_runs, not five text columns
[20:00:34.849] [SUCCESS] (271/320) provenance: an invalid soundness_class is rejected, not stored
[20:00:34.858] [SUCCESS] (272/320) provenance: arch-load's --producer/--soundness-class flags
[20:00:34.871] [SUCCESS] (273/320) coverage-matrix: an un-built OCaml project reports callgraph not_analysed, exit 1
[20:00:34.962] [SUCCESS] (274/320) coverage-matrix: a built OCaml project reports callgraph covered
[20:00:34.975] [SUCCESS] (275/320) coverage-matrix: --allow-partial accepts gaps with exit 0
[20:00:34.988] [SUCCESS] (276/320) coverage-matrix: a Cargo workspace with no callgraph-rust driver built reports not_analysed
[20:00:35.002] [SUCCESS] (277/320) coverage-matrix: a built arch-callgraph-go driver reports callgraph covered
[20:00:35.016] [SUCCESS] (278/320) coverage-matrix: a built callgraph-rust driver AND merge pass reports callgraph covered
[20:00:35.017] [SUCCESS] (279/320) coverage-matrix: find_sibling_tool never climbs past the enclosing dune-project
[20:00:35.017] [SUCCESS] (280/320) coverage-matrix: find_sibling_tool never climbs past the enclosing dune-project (_build/default candidate)
[20:00:35.017] [SUCCESS] (281/320) coverage-matrix: find_repo_root never climbs past the enclosing dune-project
[20:00:35.031] [SUCCESS] (282/320) coverage-matrix: coverage and decisions are always not_analysed without --lcov, language NULL
[20:00:35.053] [SUCCESS] (283/320) coverage-matrix: re-running replaces rather than accumulates rows
[20:00:35.069] [SUCCESS] (284/320) coverage-matrix: writing into an existing, populated main-schema database is safe
[20:00:35.083] [SUCCESS] (285/320) coverage-matrix: the error_channels row reads the producer's contract
[20:00:35.177] [SUCCESS] (286/320) top-anchor: a function-typed parameter invoked as a callback is callback_param
[20:00:35.277] [SUCCESS] (287/320) top-anchor: a functor argument's member invoked is module_param
[20:00:35.370] [SUCCESS] (288/320) top-anchor: a resolved MUST edge has NULL top_reason and NULL top_anchor
[20:00:35.468] [SUCCESS] (289/320) top-anchor: top_reason/top_anchor are non-NULL iff kind is MAY_TOP, across every row
[20:00:35.475] [SUCCESS] (290/320) top-anchor: a top_reason on a non-MAY_TOP row violates the CHECK constraint
[20:00:35.482] [SUCCESS] (291/320) top-anchor: an out-of-vocabulary top_reason violates the CHECK constraint
[20:00:35.564] [SUCCESS] (292/320) sarif: --format sarif validates against the SARIF 2.1.0 schema
[20:00:35.571] [SUCCESS] (293/320) sarif: a PASS verdict never becomes a result — only non-PASS verdicts do
[20:00:35.577] [SUCCESS] (294/320) sarif: VIOLATION/POSSIBLE/UNKNOWN map to error/warning/note
[20:00:35.583] [SUCCESS] (295/320) sarif: an UNKNOWN result carries properties.soundness=unknown_top and its top_reason
[20:00:35.587] [SUCCESS] (296/320) sarif: UNKNOWN_NO_CONTRACT carries properties.soundness=no_contract, not unknown_top
[20:00:35.592] [SUCCESS] (297/320) json: an UNKNOWN result's top_reasons carries the ⊤-anchor taxonomy value
[20:00:35.599] [SUCCESS] (298/320) sarif: a rule's witness path becomes a codeFlow with one location per step, IN ORDER
[20:00:35.606] [SUCCESS] (299/320) sarif: driver name/category/automationDetails are set, and the ⊤ frontier is a count, not results
[20:00:35.615] [SUCCESS] (300/320) sarif: every non-PASS verdict in --format json appears in --format sarif
[20:00:35.621] [SUCCESS] (301/320) sarif: an analysis_coverage row with status=not_analysed becomes a toolExecutionNotification, never silence
[20:00:35.632] [SUCCESS] (302/320) sarif: tool.driver.name/version are read from a real producer_runs row, not just the fallback
[20:00:35.702] [SUCCESS] (303/320) sarif: two runs from one producer must carry distinct category/automationDetails.id
[20:00:35.710] [SUCCESS] (304/320) sarif: a VIOLATION result carries results[].locations with the source's fullyQualifiedName
[20:00:35.710] [SUCCESS] (305/320) sarif: a file name containing a parenthesis does not fabricate a bogus location
[20:00:35.710] [SUCCESS] (306/320) sarif: two runs sharing (producer, category) are rejected, not silently emitted
[20:00:35.710] [SUCCESS] (307/320) sarif: a finding's soundness_class=heuristic round-trips into properties
[20:00:35.721] [SUCCESS] (308/320) sarif: a `dep` VIOLATION does not fabricate results[].locations from its prose detail
[20:00:35.725] [SUCCESS] (309/320) sarif: a nothing-proved result's message.text names the rule, the verdict, and its note
[20:00:35.736] [SUCCESS] (310/320) sarif: a MAIN-schema UNKNOWN result's top_reasons is read via caller_id, not left empty
[20:00:35.743] [SUCCESS] (311/320) sarif: a FLAT index's producer/soundness_class round-trip from comment_db_meta
[20:00:35.749] [SUCCESS] (312/320) sarif: a truncated results[].locations still carries properties.detail_total
[20:00:35.755] [SUCCESS] (313/320) rules: an UNKNOWN verdict on an index with kind but no top_reason column does not crash
[20:00:35.769] [SUCCESS] (314/320) arch-impact/rules/coverage/mutants: a query-time Refused is rendered as a diagnostic, not dumped as an uncaught exception
[20:00:35.779] [SUCCESS] (315/320) arch-query raises: refuses (exit 3), does not crash, on an index predating exn_scopes.channel
[20:00:35.783] [SUCCESS] (316/320) arch-query escaping-origins: refuses (exit 3), does not crash, on an index predating exn_origins.channel
[20:00:35.784] [SUCCESS] (317/320) Arch_db.ok: converts a raw 'no such column' error into Refused, naming the column, for ANY site with no guard
[20:00:35.784] [SUCCESS] (318/320) Arch_db.ok: converts a raw 'no such table' error into Refused, naming the table, for ANY site with no guard
[20:00:36.013] [SUCCESS] (319/320) recalibrate.sh --self-test passes
[20:00:36.017] [SUCCESS] (320/320) recalibrate.sh's raw golden query matches the one CI runs
assertion: AssertionError [ERR_ASSERTION]: controlled assertion
    at main (/home/mathias/dev/arch-index-worktrees/functor-path-census/checks/actionable-review-reports.js:315:7)
    at Object.<anonymous> (/home/mathias/dev/arch-index-worktrees/functor-path-census/checks/actionable-review-reports.js:340:3)
    at Module._compile (node:internal/modules/cjs/loader:1944:14)
    at Object..js (node:internal/modules/cjs/loader:2084:10)
    at Module.load (node:internal/modules/cjs/loader:1666:32)
    at Module._load (node:internal/modules/cjs/loader:1447:12)
    at wrapModuleLoad (node:internal/modules/cjs/loader:260:19)
    at Module.executeUserEntryPoint [as runMain] (node:internal/modules/run_main:154:5)
    at node:internal/main/run_main_module:33:47
execution error: Error: controlled execution
    at main (/home/mathias/dev/arch-index-worktrees/functor-path-census/checks/actionable-review-reports.js:317:11)
    at Object.<anonymous> (/home/mathias/dev/arch-index-worktrees/functor-path-census/checks/actionable-review-reports.js:340:3)
    at Module._compile (node:internal/modules/cjs/loader:1944:14)
    at Object..js (node:internal/modules/cjs/loader:2084:10)
    at Module.load (node:internal/modules/cjs/loader:1666:32)
    at Module._load (node:internal/modules/cjs/loader:1447:12)
    at wrapModuleLoad (node:internal/modules/cjs/loader:260:19)
    at Module.executeUserEntryPoint [as runMain] (node:internal/modules/run_main:154:5)
    at node:internal/main/run_main_module:33:47
origin-consumer: cleanup report staging: injected report staging cleanup failure
origin-consumer: final record write failed: injected final record write failure
ASSERTION: deliberate checker assertion
EXECUTION: Error: deliberate checker execution error
    at main (/home/mathias/dev/arch-index-worktrees/functor-path-census/checks/origin-recurring-consumer.js:261:72)
    at Object.<anonymous> (/home/mathias/dev/arch-index-worktrees/functor-path-census/checks/origin-recurring-consumer.js:267:1)
    at Module._compile (node:internal/modules/cjs/loader:1944:14)
    at Object..js (node:internal/modules/cjs/loader:2084:10)
    at Module.load (node:internal/modules/cjs/loader:1666:32)
    at Module._load (node:internal/modules/cjs/loader:1447:12)
    at wrapModuleLoad (node:internal/modules/cjs/loader:260:19)
    at Module.executeUserEntryPoint [as runMain] (node:internal/modules/run_main:154:5)
    at node:internal/main/run_main_module:33:47
Statement error (CONSTRAINT) writing to type_usage: FOREIGN KEY constraint failed
Statement error (CONSTRAINT) writing to type_usage: FOREIGN KEY constraint failed
Statement error (CONSTRAINT) writing to dead_code_sites: FOREIGN KEY constraint failed
Statement error (CONSTRAINT) writing to dead_code_sites: FOREIGN KEY constraint failed
Statement error (CONSTRAINT) writing to dead_code_sites: FOREIGN KEY constraint failed
Statement error (CONSTRAINT) writing to functions: FOREIGN KEY constraint failed
