recalibrate: baseline 89a15afb51fa89eb0da209a3f611b08b2df31ff3 = 89a15afb51fa
recalibrate: head              = 50b4589e4006
recalibrate: building baseline…
recalibrate: building head…

── golden (descriptive, measured over _build/default/lib/arch_index)
   pinned in tree               modules: 23 functions: 828 calls: 5223 
   A base bin/base src          modules: 23 functions: 828 calls: 5223 
   B  NEW bin/base src          modules: 23 functions: 828 calls: 5223 
   C base bin/ NEW src          modules: 24 functions: 859 calls: 5440 
   D  NEW bin/ NEW src          modules: 24 functions: 859 calls: 5440 
   → attributable to source change only (B = A).
   ✗ STALE: pinned value is not what this tree measures (would become: modules: 24
functions: 859
calls: 5440).

── ceiling (ratchet, measured over _build/default)
   pinned in tree               430 
   A base bin/base src          437 
   B  NEW bin/base src          437 
   C base bin/ NEW src          468 
   D  NEW bin/ NEW src          468 
   → attributable to source change only (B = A).
   • BREACH: 468 is above pinned 430 + headroom 25 = 455
   ✗ STALE: pinned value is not what this tree measures (would become: 468).
