Testing `arch_effects'.
This run has ID `S0VZL9J2'.

  [OK]          value_kind            0   to_string.
  [OK]          value_kind            1   of_string_roundtrip.
  [OK]          value_kind            2   of_string_unknown.
  [OK]          soundness             0   to_string.
  [OK]          effects_db            0   write_effects_happy.
  [OK]          effects_db            1   write_effects_missing.
  [OK]          effects_load          0   load_happy.
  [OK]          effects_load          1   load_bad_json.

Full test results in `~/dev/arch-index-worktrees/origin-recurring-consumer/_build/default/test/_build/_tests/arch_effects'.
Test Successful in 0.002s. 8 tests run.
Testing `arch_tools'.
This run has ID `05H9G0YB'.

  [OK]          path              0   normalise.
  [OK]          selector          0   glob_match.
  [OK]          format            0   float_to_string.

Full test results in `~/dev/arch-index-worktrees/origin-recurring-consumer/_build/default/test/_build/_tests/arch_tools'.
Test Successful in 0.000s. 3 tests run.
Testing `arch_capabilities'.
This run has ID `QQVGP4OJ'.

  [OK]          capability_types                  0   reachability_class_roun...
  [OK]          capability_types                  1   reachability_class_unkn...
  [OK]          capability_types                  2   edge_type_roundtrip.
  [OK]          capability_types                  3   edge_type_unknown.
  [OK]          sidecar_yaml                      0   parse_capabilities.
  [OK]          sidecar_yaml                      1   missing_file.
  [OK]          sidecar_yaml                      2   empty_yield_is_error.
  [OK]          sidecar_yaml                      3   blank_no_error.
  [OK]          sidecar_yaml                      4   parse_value_touched.
  [OK]          sidecar_yaml                      5   strip_inline_comments.
  [OK]          sidecar_yaml                      6   parse_edge_paths.
  [OK]          capability_db                     0   write_capabilities_roun...
  [OK]          capability_db                     1   write_capabilities_dist...
  [OK]          capability_db                     2   write_attack_edges_roun...
  [OK]          capability_db                     3   write_attack_edges_dedup.
  [OK]          capability_db                     4   write_capabilities_miss...
  [OK]          regression_g4_end_to_end          0   actor_paths_end_to_end.

Full test results in `~/dev/arch-index-worktrees/origin-recurring-consumer/_build/default/test/_build/_tests/arch_capabilities'.
Test Successful in 0.005s. 17 tests run.
Testing `arch-index parsers'.
This run has ID `153ZL4L7'.

  [OK]          Comment_parser          0   empty comment.
  [OK]          Comment_parser          1   JSDoc @tag syntax: full.
  [OK]          Comment_parser          2   OCaml {tag} syntax.
  [OK]          Comment_parser          3   violators: Present_none.
  [OK]          Comment_parser          4   score: maximum 100.
  [OK]          Comment_parser          5   summary extraction.
  [OK]          Comment_parser          6   score: Present_none < Present.
  [OK]          Comment_parser          7   parse_violators_json: none → None.
  [OK]          Comment_parser          8   parse_violators_json: entry.
  [OK]          Comment_parser          9   parse_violators_json: multiple.

Full test results in `~/dev/arch-index-worktrees/origin-recurring-consumer/_build/default/test/_build/_tests/arch-index parsers'.
Test Successful in 0.001s. 10 tests run.
Testing `arch_index_cfg'.
This run has ID `RXFL4CZD'.

  [OK]          postdom          0   single_block.
  [OK]          postdom          1   diamond.
  [OK]          postdom          2   loop.
  [OK]          postdom          3   exitless.
  [OK]          postdom          4   terminator_split.
  [OK]          postdom          5   all_arms_diverge.
  [OK]          postdom          6   terminator_with_handler.

Full test results in `~/dev/arch-index-worktrees/origin-recurring-consumer/_build/default/test/_build/_tests/arch_index_cfg'.
Test Successful in 0.001s. 7 tests run.
Testing `arch_index_compare'.
This run has ID `3GQP58IQ'.

  [OK]          compare_bodies          0   not_found.
  [OK]          compare_bodies          1   single_occurrence_is_identical.
  [OK]          compare_bodies          2   identical_ignores_whitespace.
  [OK]          compare_bodies          3   differing_bodies.
  [OK]          compare_bodies          4   empty_bodies_are_identical_but_no...

Full test results in `~/dev/arch-index-worktrees/origin-recurring-consumer/_build/default/test/_build/_tests/arch_index_compare'.
Test Successful in 0.004s. 5 tests run.
Testing `lsp_uri'.
This run has ID `AX7UVYH4'.

  [OK]          file_uri_of_path          0   a relative path is absolutised.
  [OK]          file_uri_of_path          1   a bare relative path is absolut...
  [OK]          file_uri_of_path          2   an absolute path is preserved.
  [OK]          file_uri_of_path          3   interior dot segments collapse.
  [OK]          relative_path             0   a relative project dir still re...
  [OK]          relative_path             1   a prefix without a separator bo...
  [OK]          relative_path             2   the root itself does not raise.
  [OK]          relative_path             3   parent segments resolve.
  [OK]          relative_path             4   both sides are normalised.
  [OK]          relative_path             5   a foreign path is left alone.
  [OK]          path_of_file_uri          0   round-trip.
  [OK]          path_of_file_uri          1   a bare scheme is not consumed.
  [OK]          path_of_file_uri          2   a non-URI is returned unchanged.
  [OK]          path_of_file_uri          3   the triple-slash form is handled.

Full test results in `~/dev/arch-index-worktrees/origin-recurring-consumer/_build/default/test/_build/_tests/lsp_uri'.
Test Successful in 0.001s. 14 tests run.
arch-errors: channel e: 'Stdlib.ignore' matched nothing
arch-errors: channel e: 'Stdlib.ignore' matched nothing
arch-errors: channel r: 'Stdlib.Error' matched nothing
arch-errors: channel r: 'Stdlib.Result.value' matched nothing
arch-errors: channel r: 'Stdlib.Result.fold' matched nothing
arch-errors: channel r: 'Stdlib.Result.get_ok' matched nothing
arch-errors: channel r: 'Stdlib.Result.bind' matched nothing
arch-errors: channel r: 'Stdlib.Result.Syntax.let*' matched nothing
arch-errors: channel r: 'Stdlib.Result.Syntax.and*' matched nothing
arch-errors: channel r: 'Stdlib.Result.map_error' matched nothing
arch-errors: channel r: 'Stdlib.result' matched nothing
arch-errors: channel r: 'Lwt.t' matched nothing
arch-errors: channel result: 'Stdlib.Error' matched nothing
arch-errors: channel result: 'Stdlib.Result.value' matched nothing
arch-errors: channel result: 'Stdlib.Result.fold' matched nothing
arch-errors: channel result: 'Stdlib.Result.get_ok' matched nothing
arch-errors: channel result: 'Stdlib.Result.bind' matched nothing
arch-errors: channel result: 'Stdlib.Result.Syntax.let*' matched nothing
arch-errors: channel result: 'Stdlib.Result.Syntax.and*' matched nothing
arch-errors: channel result: 'Stdlib.Result.map_error' matched nothing
arch-errors: channel result: 'result' matched nothing
arch-errors: channel result: 'Stdlib.result' matched nothing
arch-errors: channel option: 'None' matched nothing
arch-errors: channel option: 'Stdlib.Option.value' matched nothing
arch-errors: channel option: 'Stdlib.Option.get' matched nothing
arch-errors: channel option: 'Stdlib.Option.fold' matched nothing
arch-errors: channel option: 'Stdlib.Option.bind' matched nothing
arch-errors: channel option: 'Stdlib.Option.Syntax.let*' matched nothing
arch-errors: channel option: 'Stdlib.Option.Syntax.and*' matched nothing
arch-errors: channel option: 'option' matched nothing
arch-errors: channel result: 'Stdlib.Error' matched nothing
arch-errors: channel result: 'Stdlib.Result.value' matched nothing
arch-errors: channel result: 'Stdlib.Result.fold' matched nothing
arch-errors: channel result: 'Stdlib.Result.get_ok' matched nothing
arch-errors: channel result: 'Stdlib.Result.bind' matched nothing
arch-errors: channel result: 'Stdlib.Result.Syntax.let*' matched nothing
arch-errors: channel result: 'Stdlib.Result.Syntax.and*' matched nothing
arch-errors: channel result: 'Stdlib.Result.map_error' matched nothing
arch-errors: channel result: 'result' matched nothing
arch-errors: channel result: 'Stdlib.result' matched nothing
arch-errors: channel option: 'None' matched nothing
arch-errors: channel option: 'Stdlib.Option.value' matched nothing
arch-errors: channel option: 'Stdlib.Option.get' matched nothing
arch-errors: channel option: 'Stdlib.Option.fold' matched nothing
arch-errors: channel option: 'Stdlib.Option.bind' matched nothing
arch-errors: channel option: 'Stdlib.Option.Syntax.let*' matched nothing
arch-errors: channel option: 'Stdlib.Option.Syntax.and*' matched nothing
arch-errors: channel option: 'Fx.never_there' matched nothing
arch-errors: channel result: 'Stdlib.Error' matched nothing
arch-errors: channel result: 'Stdlib.Result.value' matched nothing
arch-errors: channel result: 'Stdlib.Result.fold' matched nothing
arch-errors: channel result: 'Stdlib.Result.get_ok' matched nothing
arch-errors: channel result: 'Stdlib.Result.bind' matched nothing
arch-errors: channel result: 'Stdlib.Result.Syntax.let*' matched nothing
arch-errors: channel result: 'Stdlib.Result.Syntax.and*' matched nothing
arch-errors: channel result: 'Stdlib.Result.map_error' matched nothing
arch-errors: channel result: 'result' matched nothing
arch-errors: channel result: 'Stdlib.result' matched nothing
arch-errors: channel option: 'None' matched nothing
arch-errors: channel option: 'Stdlib.Option.value' matched nothing
arch-errors: channel option: 'Stdlib.Option.get' matched nothing
arch-errors: channel option: 'Stdlib.Option.fold' matched nothing
arch-errors: channel option: 'Stdlib.Option.bind' matched nothing
arch-errors: channel option: 'Stdlib.Option.Syntax.let*' matched nothing
arch-errors: channel option: 'Stdlib.Option.Syntax.and*' matched nothing
arch-errors: channel r: 'Stdlib.Error' matched nothing
arch-errors: channel r: 'Stdlib.Result.value' matched nothing
arch-errors: channel r: 'Stdlib.Result.fold' matched nothing
arch-errors: channel r: 'Stdlib.Result.get_ok' matched nothing
arch-errors: channel r: 'Stdlib.Result.bind' matched nothing
arch-errors: channel r: 'Stdlib.Result.Syntax.let*' matched nothing
arch-errors: channel r: 'Stdlib.Result.Syntax.and*' matched nothing
arch-errors: channel r: 'Stdlib.Result.map_error' matched nothing
arch-errors: channel r: 'Stdlib.result' matched nothing
[19:28:36.201] [SUCCESS] (1/245) helpers: the shared string search holds at its boundaries
[19:28:36.201] [SUCCESS] (2/245) helpers: find_upwards stops at the enclosing dune-project
[19:28:36.201] [SUCCESS] (3/245) registry-gaps: the R3 detector reports exactly the unregistered paths
[19:28:36.409] [SUCCESS] (4/245) cmt: module-language shapes
[19:28:46.367] [SUCCESS] (5/245) index: one polyglot repository, one database
[19:28:46.374] [SUCCESS] (6/245) docs: curation-workflow SQL blocks still run
[19:28:46.398] [SUCCESS] (7/245) load: NDJSON to a contract-marked index
[19:28:46.421] [SUCCESS] (8/245) load: refuses what it cannot carry faithfully
[19:28:46.475] [SUCCESS] (9/245) health: facts are exact, measures are not gates
[19:28:46.495] [SUCCESS] (10/245) health: refuses a flat index rather than answering emptily
[19:28:46.522] [SUCCESS] (11/245) contract: reaches under-approximates, unreachable over-approximates
[19:28:46.537] [SUCCESS] (12/245) contract: refuses rather than answering unsoundly
[19:28:46.552] [SUCCESS] (13/245) contract: an unknown name is refused on the flat schema too
[19:28:46.560] [SUCCESS] (14/245) contract: an unreadable index exits 2, never 3
[19:28:46.604] [SUCCESS] (15/245) duplicates: a proof, a single, and a difference
[19:28:46.621] [SUCCESS] (16/245) duplicates: unreadable bodies are unverifiable, not proven
[19:28:46.639] [SUCCESS] (17/245) duplicates: refuses an index with no source mapping
[19:28:47.681] [SUCCESS] (18/245) curation: a load is all-or-nothing, and appends
[19:28:47.781] [SUCCESS] (19/245) curation: provenance is mandatory and the log only grows
[19:28:47.794] [SUCCESS] (20/245) curation: an optional module field disambiguates a same-named function (#35)
[19:28:47.803] [SUCCESS] (21/245) curation: gardening open must not drop in_progress tasks (#34)
[19:28:47.818] [SUCCESS] (22/245) curation: a bare and a module-qualified record for one name are rejected together
[19:28:47.824] [SUCCESS] (23/245) mutants: the plan partitions the index and carries its tests
[19:28:47.833] [SUCCESS] (24/245) mutants: a ⊤ edge inside the test cone destroys the proof
[19:28:47.844] [SUCCESS] (25/245) mutants: the allowlist is engine-consumable and never empty by accident
[19:28:47.856] [SUCCESS] (26/245) mutants: survivors are attributed to the innermost span
[19:28:47.887] [SUCCESS] (27/245) mutants: the mutaml adapter reads both encodings and refuses the rest
[19:28:47.890] [SUCCESS] (28/245) mutants: a NULL-kind edge makes targeting unsound
[19:28:47.901] [SUCCESS] (29/245) decision-lint: an alias dies with any name it depends on
[19:28:47.910] [SUCCESS] (30/245) decision-lint: solver noise must not shift the verdict stream
[19:29:17.920] [SUCCESS] (31/245) decision-lint: a solver that goes silent must not hang the run
[19:29:17.930] [SUCCESS] (32/245) decision-lint: a missing solver is reported absent, not dead
[19:29:17.936] [SUCCESS] (33/245) coverage: no data is not zero, and ⊤-only coverage is flagged apart
[19:29:17.971] [SUCCESS] (34/245) coverage: a malformed tracefile aborts instead of reporting 0%
[19:29:17.977] [SUCCESS] (35/245) coverage: a covered function always lands in some bucket
[19:29:17.990] [SUCCESS] (36/245) coverage: covered with surviving mutants is tested-by-nothing
[19:29:18.003] [SUCCESS] (37/245) coverage: a name shared with a non-instrumented function is ambiguous
[19:29:18.013] [SUCCESS] (38/245) coverage: --write replaces rather than accumulates
[19:29:18.017] [SUCCESS] (39/245) coverage: a NULL-kind edge makes reachability unsound
[19:29:18.031] [SUCCESS] (40/245) serve: a main-schema index is declined, not crashed on
[19:29:18.075] [SUCCESS] (41/245) serve: the flat schema is served over HTTP
[19:29:18.085] [SUCCESS] (42/245) rules: the five verdicts stay distinct
[19:29:18.094] [SUCCESS] (43/245) rules: a glob boundary slip breaks verdicts both ways
[19:29:18.124] [SUCCESS] (44/245) rules: the exit-code policy, including the flags that disable it
[19:29:18.129] [SUCCESS] (45/245) rules: a misspelled --format aborts rather than falling back to text
[19:29:18.146] [SUCCESS] (46/245) rules: a rule file it cannot parse aborts the gate
[19:29:18.155] [SUCCESS] (47/245) rules: an un-⊤-marked index can never yield PASS
[19:29:18.167] [SUCCESS] (48/245) rules: a rule that was never evaluated is not a passing rule
[19:29:18.173] [SUCCESS] (49/245) rules: VIOLATION/POSSIBLE/UNKNOWN carry a concrete witness path; PASS carries none
[19:29:18.179] [SUCCESS] (50/245) rules: VIOLATION's witness walks must_fwd even when a shorter fwd path exists
[19:29:18.191] [SUCCESS] (51/245) rules: the text summary must not report a three-state verdict as one number
[19:29:18.209] [SUCCESS] (52/245) rules: the summary census partitions the rules, and the gate is a separate line
[19:29:18.224] [SUCCESS] (53/245) rules: an escaping cone and an un-⊤-marked index are not the same UNKNOWN
[19:29:18.278] [SUCCESS] (54/245) rules: --on-vacuous covers every rule form, not only `reach`
[19:29:18.364] [SUCCESS] (55/245) rules: ext: names external leaves, and is refused where it would be inert
[19:29:18.374] [SUCCESS] (56/245) rules: an internal function cannot be classified ext: even with a dangling module_id
[19:29:18.504] [SUCCESS] (57/245) rules origin: context and site caps stay independent (one_site)
[19:29:18.634] [SUCCESS] (58/245) rules origin: context and site caps stay independent (distinct_sites)
[19:29:18.766] [SUCCESS] (59/245) rules origin: an exemption is bounded by its count, not by its four fields
[19:29:18.933] [SUCCESS] (60/245) rules origin: the parser refuses what it cannot serve, and says which character
[19:29:19.047] [SUCCESS] (61/245) rules origin: an index with no origin data reports NOT_COMPUTED, never PASS
[19:29:19.169] [SUCCESS] (62/245) rules origin: the allow-file survives a '|' in a name, and refuses a duplicate
[19:29:19.300] [SUCCESS] (63/245) rules origin: the coverage figure, the channel scope, and the escapes filter
[19:29:19.421] [SUCCESS] (64/245) rules origin: an index older than the channel column is handled, not crashed into
[19:29:19.556] [SUCCESS] (65/245) pcc: pcc-index answers in one strict JSON object, or not at all
[19:29:19.606] [SUCCESS] (66/245) pcc: a broken build produces no stdout to misread
[19:29:19.780] [SUCCESS] (67/245) pcc: pcc-dossier reports a FAIL verdict without becoming one
[19:29:20.327] [SUCCESS] (68/245) pcc: pcc-preflight tells a passing suite from a failing one
[19:29:21.180] [SUCCESS] (69/245) callgraph-go: the three edge kinds and the verdicts they license
[19:29:21.891] [SUCCESS] (70/245) callgraph-go: a cgo wrapper call is a ⊤ anchor
[19:29:25.040] [SUCCESS] (71/245) lsp: Go is indexed with Go's own visibility rule
[19:29:27.152] [SUCCESS] (72/245) lsp: Rust keeps its module nesting and its call edges
[19:29:33.628] [SUCCESS] (73/245) lsp: TypeScript enrichment actually reaches the rows
[19:29:33.726] [SUCCESS] (74/245) cmt: nested modules and functors are indexed where they are written
[19:29:33.754] [SUCCESS] (75/245) impact: a hunk touches the span that contains it, and no other
[19:29:33.775] [SUCCESS] (76/245) impact: contract_ok is the strict check, not 'flag present'
[19:29:33.803] [SUCCESS] (77/245) impact: a span-less index degrades to file granularity, loudly
[19:29:33.864] [SUCCESS] (78/245) impact: the findings gate fires on touched lines and refuses when uncomputed
[19:29:33.866] [SUCCESS] (79/245) impact: a half line span is refused at load time
[19:29:33.888] [SUCCESS] (80/245) impact: a diff content line is not a file header
[19:29:34.002] [SUCCESS] (81/245) cmt: a closure with no ⊤ proves, one with a ⊤ does not
[19:29:34.146] [SUCCESS] (82/245) cmt: shadows, function values and callbacks resolve honestly
[19:29:34.238] [SUCCESS] (83/245) cmt: deferred code is not dead code
[19:29:34.619] [SUCCESS] (84/245) soundness: the dominance corpus
[19:29:34.701] [SUCCESS] (85/245) shadowed-definitions: no collision keeps the bare name
[19:29:34.786] [SUCCESS] (86/245) shadowed-definitions: same-level shadow keeps two rows with distinct edges (#41)
[19:29:34.869] [SUCCESS] (87/245) shadowed-definitions: a 3-way same-level shadow numbers and attributes correctly (#41)
[19:29:34.952] [SUCCESS] (88/245) shadowed-definitions: only the live binding is exposed via the .mli (#41)
[19:29:35.037] [SUCCESS] (89/245) shadowed-definitions: a nested-module same-level shadow is qualified and numbered (#41)
[19:29:35.137] [SUCCESS] (90/245) shadowed-definitions: a cross-module qualified call reaches the live definition, not the shadowed one (#41)
[19:29:35.765] [SUCCESS] (91/245) indexer: no wildcard binding is recorded as a function
[19:29:35.866] [SUCCESS] (92/245) indexer: every reported count equals the number of rows stored, even when rows are refused
[19:29:36.035] [SUCCESS] (93/245) effects: the OCaml CMT extractor answers all four questions
[19:29:37.628] [SUCCESS] (94/245) effects: the Go SSA extractor answers the same four
[19:29:37.645] [SUCCESS] (95/245) effects: a producer with no extractor still satisfies the contract
[19:29:37.669] [SUCCESS] (96/245) effects: name+path endpoints resolve to the right id, or to all, never to a wrong one
[19:29:42.693] [SUCCESS] (97/245) lsp: a refused symbol query names itself in the output
[19:29:52.702] [SUCCESS] (98/245) lsp: a refused call query is named once per file, not per attempt
[19:29:52.715] [SUCCESS] (99/245) runner diagnostics: missing LSP is reported without --verbose
[19:29:52.722] [SUCCESS] (100/245) runner diagnostics: LSP start failure is reported without --verbose
[19:30:02.730] [SUCCESS] (101/245) runner diagnostics: timeout and partial results are reported without --verbose
[19:30:02.737] [SUCCESS] (102/245) runner diagnostics: unexpected spawn error is reported without --verbose
[19:30:02.961] [SUCCESS] (103/245) readiness: a closed indexing phase is reported as such
[19:30:05.187] [warn] readiness fell back to the quiescence heuristic across the gap: honest, but the indexing phase was missed
[19:30:05.187] [SUCCESS] (104/245) readiness: a gap between phases is not the server reporting completion
[19:30:10.210] [SUCCESS] (105/245) readiness: a server that reports no progress says so
[19:30:10.217] [SUCCESS] (106/245) Arch_index_db.rejections_by_table: per-table attribution of rejected rows
[19:30:10.225] [SUCCESS] (107/245) Arch_index_support.schema_tables_to_drop covers every producer-written table
[19:30:10.315] [SUCCESS] (108/245) completion markers: every meta key a run writes is classified
[19:30:10.425] [SUCCESS] (109/245) completion markers: none survives a re-index that indexes nothing
[19:30:10.533] [SUCCESS] (110/245) escaping-origins: fatal origins in the closure, with coverage and MAY/MUST
[19:30:10.637] [SUCCESS] (111/245) escaping-origins: an ambiguous WHOLE-MODULE root is refused, never unioned
[19:30:10.747] [SUCCESS] (112/245) escaping-origins: the reported channel is the one queried, both ways
[19:30:10.867] [SUCCESS] (113/245) escaping-origins: a root suffix must align on a path boundary
[19:30:10.984] [SUCCESS] (114/245) escaping-origins: an unentered closure says so, rather than reading as clean
[19:30:10.991] [SUCCESS] (115/245) escaping-origins: an index with no origin table is refused before any output
[19:30:11.093] [SUCCESS] (116/245) escaping-origins: --forms selects, and an unknown form is refused
[19:30:11.199] [SUCCESS] (117/245) escaping-origins: an ambiguous root is refused, never unioned
[19:30:11.307] [SUCCESS] (118/245) point-free aliases: a local alias emits a MAY_ENUMERATED value_alias edge
[19:30:36.704] [SUCCESS] (119/245) point-free aliases: the flat schema carries edge_form too (S5)
[19:30:36.822] [SUCCESS] (120/245) point-free aliases: fan-in does not count an alias as a caller
[19:30:36.948] [SUCCESS] (121/245) point-free aliases: callers-of and god-modules exclude alias edges
[19:30:37.093] [SUCCESS] (122/245) point-free aliases: an alias inherits its target's raise set
[19:30:37.188] [SUCCESS] (123/245) phantom origins: an omitted optional argument is not a returned None (3.14)
[19:30:37.279] [SUCCESS] (124/245) phantom origins: a synthetic None still OBSERVES the declared path (3.14)
[19:30:37.412] [SUCCESS] (125/245) module-alias heads: an alias-rooted head is rewritten, marked and never MUST
[19:30:37.523] [SUCCESS] (126/245) module-alias heads: a nested rebinding resolves to ITS target, not the toplevel one
[19:30:37.642] [SUCCESS] (127/245) module-alias heads: callers-of, fan-in and god-modules all COUNT a rewritten edge
[19:30:37.735] [SUCCESS] (128/245) arch-report: every finding in report.json appears in the SARIF and the HTML (CHECK-5)
[19:30:37.829] [SUCCESS] (129/245) arch-report: a failed analysis never renders covered, and reaches all three channels
[19:30:37.982] [SUCCESS] (130/245) arch-report: report.sarif validates against the published 2.1.0 schema (CHECK-4)
[19:30:38.078] [SUCCESS] (131/245) arch-report: an analysis that did not run renders explicitly, never as absent (FR-024)
[19:30:38.173] [SUCCESS] (132/245) arch-report: imported heuristic findings are rendered, with their own provenance
[19:30:38.330] [SUCCESS] (133/245) arch-report: --rules evaluates rules in the unified report
[19:30:38.369] [SUCCESS] (134/245) actionable report standalone check: rules
[19:30:38.403] [SUCCESS] (135/245) actionable report standalone check: ordering
[19:30:40.573] [SUCCESS] (136/245) actionable report standalone check: operands
[19:30:40.627] [SUCCESS] (137/245) actionable report standalone check: compatibility
[19:30:40.648] [SUCCESS] (138/245) actionable report checker exit mapping: assert
[19:30:40.668] [SUCCESS] (139/245) actionable report checker exit mapping: execution
[19:30:41.659] [SUCCESS] (140/245) origin recurring consumer: authentic
[19:30:44.777] [SUCCESS] (141/245) origin recurring consumer: failures
[19:30:44.984] [SUCCESS] (142/245) origin recurring consumer: package
[19:30:45.011] [SUCCESS] (143/245) origin recurring consumer checker exit: assert
[19:30:45.041] [SUCCESS] (144/245) origin recurring consumer checker exit: execution
[19:30:45.146] [SUCCESS] (145/245) sarif-in: an imported finding is heuristic and changes no edge (CHECK-1)
[19:30:45.249] [SUCCESS] (146/245) sarif-in: a merged log attributes each finding to ITS own tool, not the last one
[19:30:45.365] [SUCCESS] (147/245) sarif-in: an underscore is not a wildcard, a non-string level is not a warning
[19:30:45.469] [SUCCESS] (148/245) sarif-in: an index predating the table is refused before anything is written
[19:30:45.592] [SUCCESS] (149/245) sarif-in: unparseable writes no facts (CHECK-3); parseable-with-rejects is partial (CHECK-3-bis)
[19:30:45.696] [SUCCESS] (150/245) exported selector: exported:** is fn:** restricted to the API surface
[19:30:45.792] [SUCCESS] (151/245) exported selector: refused where it is not granted, before it can answer wrongly
[19:30:45.944] [SUCCESS] (152/245) exported selector: accepted in exactly ONE position, refused in every other
[19:30:45.953] [SUCCESS] (153/245) exported selector: the FLAT schema's own column is read (4.4)
[19:30:46.045] [SUCCESS] (154/245) escaping-origins --roots exported: the cone starts at the API surface, not everywhere
[19:30:46.133] [SUCCESS] (155/245) escaping-origins --roots exported: an index with no exports is REFUSED, not reported empty
[19:30:46.136] [SUCCESS] (156/245) escaping-origins --roots exported: a producer-shaped FLAT index is REFUSED, not answered empty
[19:30:46.227] [SUCCESS] (157/245) escaping-origins --roots exported: an index predating functions.exposed is REFUSED
[19:30:46.319] [SUCCESS] (158/245) escaping-origins --roots exported: the keyword shadows a function named exported, and qualifying escapes it
[19:30:46.326] [SUCCESS] (159/245) Arch_index_db.insert_function: a rejected row yields no id, not a neighbour's
[19:30:46.427] [SUCCESS] (160/245) indexer: a call to a function whose row was rejected is MAY_TOP, not a MUST external leaf
[19:30:46.529] [SUCCESS] (161/245) indexer: a rejected modules row indexes nothing from that unit, and its callers go to MAY_TOP
[19:30:46.629] [SUCCESS] (162/245) indexer: a rejected types row drops its fields and constructors rather than filing them under another type
[19:30:46.821] [SUCCESS] (163/245) cmt: a nested-module reference resolves to the linked unit
[19:30:47.033] [SUCCESS] (164/245) cmt: a qualified reference resolves within the library it names
[19:30:47.129] [SUCCESS] (165/245) cmt: two (wrapped false) libraries sharing a module name degrade to ⊤, never a guess
[19:30:47.235] [SUCCESS] (166/245) cmt: a reference through a cross-library re-export facade resolves to the real unit
[19:30:47.346] [SUCCESS] (167/245) cmt: an include-defined homonym never resolves into the other library — pinned, not endorsed
[19:30:47.442] [SUCCESS] (168/245) cmt: a reference rooted outside the index still binds a local homonym — pinned, not endorsed
[19:30:47.554] [SUCCESS] (169/245) cmt: a deeper include-defined homonym is not re-interpreted at the ANCHOR's own segment — pinned, not endorsed
[19:30:47.662] [SUCCESS] (170/245) cmt: include_subdirs qualified — a nested module resolves within its own library
[19:30:47.763] [SUCCESS] (171/245) cmt: a main module SHADOWING a sibling degrades to ⊤ — pinned, not endorsed
[19:30:47.872] [SUCCESS] (172/245) cmt: an aliased nested module can still bind an unlinked homonym — pinned, not endorsed
[19:30:47.974] [SUCCESS] (173/245) cmt: module_deps and type_usage still erase the owning library — pinned, not endorsed
[19:30:48.086] [SUCCESS] (174/245) cmt: a homonym unit below the anchor still binds a LINKED wrong library — pinned, not endorsed
[19:30:48.191] [SUCCESS] (175/245) cmt: a homonym unit name is never resolved to whichever library owns the row
[19:30:48.571] [warn] MUST-with-NULL-callee (350) has fallen well below clean_measured (383). Consider lowering clean_measured in this commit so the ratchet keeps its teeth.
[19:30:48.572] [SUCCESS] (176/245) cmt: the whole-repo MUST-with-NULL-callee count stays under its ceiling
[19:30:48.638] [SUCCESS] (177/245) arch-query: a bad limit argument is refused, not defaulted
[19:30:48.746] [SUCCESS] (178/245) exn: producer records origins, scopes and call scopes per node
[19:30:49.006] [SUCCESS] (179/245) exn: raises / raisers-of / exn-stats are handler-aware and ⊤-honest
[19:30:49.113] [SUCCESS] (180/245) error-channels: producer records value-channel origins, scopes and edges
[19:30:49.236] [SUCCESS] (181/245) error-channels: re-indexing an existing database is idempotent
[19:30:49.359] [SUCCESS] (182/245) error-channels: a re-index never inherits the previous run's completion markers
[19:30:49.448] [SUCCESS] (183/245) error-channels: --errors-strict succeeds when every declaration matches
[19:30:49.526] [SUCCESS] (184/245) error-channels: a channel shadowed by an earlier one is refused at load time
[19:30:49.600] [SUCCESS] (185/245) error-channels: shadowing a BUILT-IN channel is refused with an actionable remedy
[19:30:49.684] [SUCCESS] (186/245) error-channels: --errors-strict passes over a config that EXTENDS a built-in
[19:30:49.987] [SUCCESS] (187/245) error-channels: may-fail per channel
[19:30:50.092] [SUCCESS] (188/245) error-channels: config validation does not abort on a good file
[19:30:50.196] [SUCCESS] (189/245) error-channels: --errors-strict promotes a miss to fatal
[19:30:50.280] [SUCCESS] (190/245) error-channels: ARCH_ERRORS_PROFILES_DIR wins over <root>/profiles, and is printed
[19:30:50.291] [SUCCESS] (191/245) error-channels: a Flat-schema DB refuses NOT_ANALYSED on every channel
[19:30:50.463] [SUCCESS] (192/245) error-channels: [summaries] replaces external ⊤ with the declared set
[19:30:50.547] [SUCCESS] (193/245) provenance: Arch_index.run stamps a real producer_runs row on real functions/calls
[19:30:50.641] [SUCCESS] (194/245) provenance: re-indexing the same database does not accumulate producer_runs rows
[19:30:50.647] [SUCCESS] (195/245) provenance: functions/calls join producer_runs, not five text columns
[19:30:50.653] [SUCCESS] (196/245) provenance: an invalid soundness_class is rejected, not stored
[19:30:50.660] [SUCCESS] (197/245) provenance: arch-load's --producer/--soundness-class flags
[19:30:50.672] [SUCCESS] (198/245) coverage-matrix: an un-built OCaml project reports callgraph not_analysed, exit 1
[19:30:50.753] [SUCCESS] (199/245) coverage-matrix: a built OCaml project reports callgraph covered
[19:30:50.765] [SUCCESS] (200/245) coverage-matrix: --allow-partial accepts gaps with exit 0
[19:30:50.777] [SUCCESS] (201/245) coverage-matrix: a Cargo workspace with no callgraph-rust driver built reports not_analysed
[19:30:50.788] [SUCCESS] (202/245) coverage-matrix: a built arch-callgraph-go driver reports callgraph covered
[19:30:50.799] [SUCCESS] (203/245) coverage-matrix: a built callgraph-rust driver AND merge pass reports callgraph covered
[19:30:50.800] [SUCCESS] (204/245) coverage-matrix: find_sibling_tool never climbs past the enclosing dune-project
[19:30:50.800] [SUCCESS] (205/245) coverage-matrix: find_sibling_tool never climbs past the enclosing dune-project (_build/default candidate)
[19:30:50.800] [SUCCESS] (206/245) coverage-matrix: find_repo_root never climbs past the enclosing dune-project
[19:30:50.812] [SUCCESS] (207/245) coverage-matrix: coverage and decisions are always not_analysed without --lcov, language NULL
[19:30:50.830] [SUCCESS] (208/245) coverage-matrix: re-running replaces rather than accumulates rows
[19:30:50.843] [SUCCESS] (209/245) coverage-matrix: writing into an existing, populated main-schema database is safe
[19:30:50.857] [SUCCESS] (210/245) coverage-matrix: the error_channels row reads the producer's contract
[19:30:50.942] [SUCCESS] (211/245) top-anchor: a function-typed parameter invoked as a callback is callback_param
[19:30:51.027] [SUCCESS] (212/245) top-anchor: a functor argument's member invoked is module_param
[19:30:51.111] [SUCCESS] (213/245) top-anchor: a resolved MUST edge has NULL top_reason and NULL top_anchor
[19:30:51.197] [SUCCESS] (214/245) top-anchor: top_reason/top_anchor are non-NULL iff kind is MAY_TOP, across every row
[19:30:51.203] [SUCCESS] (215/245) top-anchor: a top_reason on a non-MAY_TOP row violates the CHECK constraint
[19:30:51.209] [SUCCESS] (216/245) top-anchor: an out-of-vocabulary top_reason violates the CHECK constraint
[19:30:51.284] [SUCCESS] (217/245) sarif: --format sarif validates against the SARIF 2.1.0 schema
[19:30:51.290] [SUCCESS] (218/245) sarif: a PASS verdict never becomes a result — only non-PASS verdicts do
[19:30:51.296] [SUCCESS] (219/245) sarif: VIOLATION/POSSIBLE/UNKNOWN map to error/warning/note
[19:30:51.302] [SUCCESS] (220/245) sarif: an UNKNOWN result carries properties.soundness=unknown_top and its top_reason
[19:30:51.305] [SUCCESS] (221/245) sarif: UNKNOWN_NO_CONTRACT carries properties.soundness=no_contract, not unknown_top
[19:30:51.310] [SUCCESS] (222/245) json: an UNKNOWN result's top_reasons carries the ⊤-anchor taxonomy value
[19:30:51.315] [SUCCESS] (223/245) sarif: a rule's witness path becomes a codeFlow with one location per step, IN ORDER
[19:30:51.321] [SUCCESS] (224/245) sarif: driver name/category/automationDetails are set, and the ⊤ frontier is a count, not results
[19:30:51.329] [SUCCESS] (225/245) sarif: every non-PASS verdict in --format json appears in --format sarif
[19:30:51.335] [SUCCESS] (226/245) sarif: an analysis_coverage row with status=not_analysed becomes a toolExecutionNotification, never silence
[19:30:51.344] [SUCCESS] (227/245) sarif: tool.driver.name/version are read from a real producer_runs row, not just the fallback
[19:30:51.412] [SUCCESS] (228/245) sarif: two runs from one producer must carry distinct category/automationDetails.id
[19:30:51.418] [SUCCESS] (229/245) sarif: a VIOLATION result carries results[].locations with the source's fullyQualifiedName
[19:30:51.418] [SUCCESS] (230/245) sarif: a file name containing a parenthesis does not fabricate a bogus location
[19:30:51.418] [SUCCESS] (231/245) sarif: two runs sharing (producer, category) are rejected, not silently emitted
[19:30:51.418] [SUCCESS] (232/245) sarif: a finding's soundness_class=heuristic round-trips into properties
[19:30:51.427] [SUCCESS] (233/245) sarif: a `dep` VIOLATION does not fabricate results[].locations from its prose detail
[19:30:51.431] [SUCCESS] (234/245) sarif: a nothing-proved result's message.text names the rule, the verdict, and its note
[19:30:51.440] [SUCCESS] (235/245) sarif: a MAIN-schema UNKNOWN result's top_reasons is read via caller_id, not left empty
[19:30:51.445] [SUCCESS] (236/245) sarif: a FLAT index's producer/soundness_class round-trip from comment_db_meta
[19:30:51.451] [SUCCESS] (237/245) sarif: a truncated results[].locations still carries properties.detail_total
[19:30:51.457] [SUCCESS] (238/245) rules: an UNKNOWN verdict on an index with kind but no top_reason column does not crash
[19:30:51.469] [SUCCESS] (239/245) arch-impact/rules/coverage/mutants: a query-time Refused is rendered as a diagnostic, not dumped as an uncaught exception
[19:30:51.479] [SUCCESS] (240/245) arch-query raises: refuses (exit 3), does not crash, on an index predating exn_scopes.channel
[19:30:51.483] [SUCCESS] (241/245) arch-query escaping-origins: refuses (exit 3), does not crash, on an index predating exn_origins.channel
[19:30:51.483] [SUCCESS] (242/245) Arch_db.ok: converts a raw 'no such column' error into Refused, naming the column, for ANY site with no guard
[19:30:51.483] [SUCCESS] (243/245) Arch_db.ok: converts a raw 'no such table' error into Refused, naming the table, for ANY site with no guard
[19:30:51.696] [SUCCESS] (244/245) recalibrate.sh --self-test passes
[19:30:51.700] [SUCCESS] (245/245) recalibrate.sh's raw golden query matches the one CI runs
assertion: AssertionError [ERR_ASSERTION]: controlled assertion
    at main (/home/mathias/dev/arch-index-worktrees/origin-recurring-consumer/checks/actionable-review-reports.js:315:7)
    at Object.<anonymous> (/home/mathias/dev/arch-index-worktrees/origin-recurring-consumer/checks/actionable-review-reports.js:340:3)
    at Module._compile (node:internal/modules/cjs/loader:1944:14)
    at Object..js (node:internal/modules/cjs/loader:2084:10)
    at Module.load (node:internal/modules/cjs/loader:1666:32)
    at Module._load (node:internal/modules/cjs/loader:1447:12)
    at wrapModuleLoad (node:internal/modules/cjs/loader:260:19)
    at Module.executeUserEntryPoint [as runMain] (node:internal/modules/run_main:154:5)
    at node:internal/main/run_main_module:33:47
execution error: Error: controlled execution
    at main (/home/mathias/dev/arch-index-worktrees/origin-recurring-consumer/checks/actionable-review-reports.js:317:11)
    at Object.<anonymous> (/home/mathias/dev/arch-index-worktrees/origin-recurring-consumer/checks/actionable-review-reports.js:340:3)
    at Module._compile (node:internal/modules/cjs/loader:1944:14)
    at Object..js (node:internal/modules/cjs/loader:2084:10)
    at Module.load (node:internal/modules/cjs/loader:1666:32)
    at Module._load (node:internal/modules/cjs/loader:1447:12)
    at wrapModuleLoad (node:internal/modules/cjs/loader:260:19)
    at Module.executeUserEntryPoint [as runMain] (node:internal/modules/run_main:154:5)
    at node:internal/main/run_main_module:33:47
origin-consumer: cleanup report staging: injected report staging cleanup failure
origin-consumer: final record write failed: injected final record write failure
ASSERTION: deliberate checker assertion
EXECUTION: Error: deliberate checker execution error
    at main (/home/mathias/dev/arch-index-worktrees/origin-recurring-consumer/checks/origin-recurring-consumer.js:261:72)
    at Object.<anonymous> (/home/mathias/dev/arch-index-worktrees/origin-recurring-consumer/checks/origin-recurring-consumer.js:267:1)
    at Module._compile (node:internal/modules/cjs/loader:1944:14)
    at Object..js (node:internal/modules/cjs/loader:2084:10)
    at Module.load (node:internal/modules/cjs/loader:1666:32)
    at Module._load (node:internal/modules/cjs/loader:1447:12)
    at wrapModuleLoad (node:internal/modules/cjs/loader:260:19)
    at Module.executeUserEntryPoint [as runMain] (node:internal/modules/run_main:154:5)
    at node:internal/main/run_main_module:33:47
Statement error (CONSTRAINT) writing to type_usage: FOREIGN KEY constraint failed
Statement error (CONSTRAINT) writing to type_usage: FOREIGN KEY constraint failed
Statement error (CONSTRAINT) writing to dead_code_sites: FOREIGN KEY constraint failed
Statement error (CONSTRAINT) writing to dead_code_sites: FOREIGN KEY constraint failed
Statement error (CONSTRAINT) writing to dead_code_sites: FOREIGN KEY constraint failed
Statement error (CONSTRAINT) writing to functions: FOREIGN KEY constraint failed


## authentic
{
  "chunk_id": "6a6524",
  "wall_time_seconds": 1.040730105,
  "exit_code": 0,
  "original_token_count": 0,
  "output": ""
}

## failures
{
  "chunk_id": "af10bb",
  "wall_time_seconds": 2.980936691,
  "exit_code": 0,
  "original_token_count": 41,
  "output": "origin-consumer: cleanup report staging: injected report staging cleanup failure\norigin-consumer: final record write failed: injected final record write failure\n"
}

## package
{
  "chunk_id": "153d0d",
  "wall_time_seconds": 0.170741661,
  "exit_code": 0,
  "original_token_count": 0,
  "output": ""
}

## recalibration
{
  "chunk_id": "aaef95",
  "wall_time_seconds": 0.000001684,
  "exit_code": 0,
  "original_token_count": 233,
  "output": "\n── golden (descriptive, measured over _build/default/lib/arch_index)\n   pinned in tree               modules: 23 functions: 828 calls: 5223 \n   A base bin/base src          modules: 23 functions: 828 calls: 5223 \n   B  NEW bin/base src          modules: 23 functions: 828 calls: 5223 \n   C base bin/ NEW src          modules: 23 functions: 828 calls: 5223 \n   D  NEW bin/ NEW src          modules: 23 functions: 828 calls: 5223 \n   → attributable to source change only (B = A).\n   ✓ pinned value is current.\n\n── ceiling (ratchet, measured over _build/default)\n   pinned in tree               383 \n   A base bin/base src          396 \n   B  NEW bin/base src          396 \n   C base bin/ NEW src          396 \n   D  NEW bin/ NEW src          396 \n   → attributable to source change only (B = A).\n   • within headroom: measures 396 against pinned 383 (+/-25) — advisory, not stale\n   ✓ pinned value is current.\n\n"
}

## rules
{
  "chunk_id": "d6bb22",
  "wall_time_seconds": 0.000003947,
  "exit_code": 0,
  "original_token_count": 513,
  "output": "== Architecture rules\n[ pass  ] the comment parser must not reach the SQLite layer\n[UNKNOWN] the CFG builder must not reach the SQLite layer\n           solve.<fun:95:18>.<fun:97:19>.<fun:100:19>  (lib/arch_index/arch_index_cfg.ml)\n           witness: solve.<fun:95:18>.<fun:97:19>.<fun:100:19>  (lib/arch_index/arch_index_cfg.ml)\n           note: the source cone reaches an unresolvable (⊤) edge, so no path was found but none can be ruled out either\n[UNKNOWN] the line counter must not reach the SQLite layer\n           scan_line.<fun:32:21>  (lib/arch_index/arch_index_line_counter.ml)\n           scan_line.<fun:33:14>  (lib/arch_index/arch_index_line_counter.ml)\n           run_count_code_lines.<fun:81:5>.<fun:82:21>  (lib/arch_index/arch_index_line_counter.ml)\n           witness: scan_line.<fun:32:21>  (lib/arch_index/arch_index_line_counter.ml)\n           note: the source cone reaches an unresolvable (⊤) edge, so no path was found but none can be ruled out either\n[UNKNOWN] the LSP client must not reach the CMT walker\n           normalise_absolute  (lib/arch_index/lsp_client.ml)\n           recv_lsp  (lib/arch_index/lsp_client.ml)\n           recv_lsp.<fun:133:24>  (lib/arch_index/lsp_client.ml)\n           start  (lib/arch_index/lsp_client.ml)\n           start.<fun:246:23>.<fun:251:54>.<fun:253:60>.<fun:258:49>  (lib/arch_index/lsp_client.ml)\n           start.<fun:321:25>.<fun:418:24>  (lib/arch_index/lsp_client.ml)\n           notify  (lib/arch_index/lsp_client.ml)\n           shutdown  (lib/arch_index/lsp_client.ml)\n           witness: normalise_absolute  (lib/arch_index/lsp_client.ml)\n           note: the source cone reaches an unresolvable (⊤) edge, so no path was found but none can be ruled out either\n\n4 rule(s): 1 proved, 0 violation, 0 possible, 3 unknown, 0 unknown-no-contract, 0 vacuous, 0 not-computed\ngate: 0 failing — violation=always possible=fail unknown=warn vacuous=fail not-computed=fail\n  unknown: the source cone reaches a ⊤ edge — no path was found and none can be ruled out either. Not proved.\n"
}

## impact
{
  "chunk_id": "73a979",
  "wall_time_seconds": 0.000004057,
  "exit_code": 0,
  "original_token_count": 539,
  "output": "== Change impact\n  • index: /tmp/origin-rootqa.4IBk1S/self.db\n\n-- Touched functions (0)\n  • none — the diff touches no indexed function (config, docs, generated code, or a file outside the index)\n  • 51 changed file(s) are NOT in the index — impact for them is UNKNOWN, not zero:\n    .github/workflows/ci.yml\n    CHANGELOG.md\n    README.md\n    briefs/actionable-review-reports-ship-gate.md\n    briefs/actionable-review-reports-state.json\n    briefs/origin-recurring-consumer-gate-report.json\n    briefs/origin-recurring-consumer-impl.md\n    briefs/origin-recurring-consumer-implementer.md\n    briefs/origin-recurring-consumer-intake.md\n    briefs/origin-recurring-consumer-plan.json\n    briefs/origin-recurring-consumer-plan.md\n    briefs/origin-recurring-consumer-preflight.md\n    briefs/origin-recurring-consumer-qa-scope.md\n    briefs/origin-recurring-consumer-review-trace.jsonl\n    briefs/origin-recurring-consumer-review.json\n    briefs/origin-recurring-consumer-reviewer.md\n    briefs/origin-recurring-consumer-spec.md\n    briefs/origin-recurring-consumer-state.json\n    briefs/origin-recurring-consumer-xruntime.jsonl\n    checks/origin-recurring-consumer.js\n    … and 31 more\n\n-- Who is affected (reverse reachability)\n  • 0 function(s) DEFINITELY reach the change (0 exported), over MUST ∪ MAY_ENUMERATED. This is a LOWER bound — ⊤ edges are dropped to make it computable.\n  • 0 exported function(s) affected (definite upstream, plus exported functions changed directly):\n\n-- Blast radius (forward reachability)\n  • the changed code definitely reaches 0 function(s) (also a lower bound)\n  • ⊤ frontier: none — the forward cone is CLOSED, so the radius above really is a bound, not just a lower bound\n\n-- Tests reaching the change\n  • no test definitely reaches the change — either it is untested, or the tests are not in this index (check what was indexed before concluding it is untested)\n\n-- Effects crossed\n  • not available on this index (no effects tables) — this is 'not computed', not 'no effects'\n\n-- Findings introduced by this diff\n  • decision analysis not present in this index — not computed\n"
}

## codeintel
{
  "chunk_id": "a6838c",
  "wall_time_seconds": 0.000003848,
  "exit_code": 0,
  "original_token_count": 10,
  "output": "SKIP: no code-intel block\nRESULT: skip\n"
}

## breaker
{
  "chunk_id": "45b551",
  "wall_time_seconds": 0.354606238,
  "exit_code": 0,
  "original_token_count": 83,
  "output": "xruntime-review: warning — briefs/ is not git-ignored in this repo; the append-forever journal will be a standing untracked file visible to the scope gate (D-8).\n{\"status\":\"skipped-degraded\",\"reason\":\"runtime degraded during review with unchanged runtime version\",\"config_digest\":\"opencode:76f897c73342fdbf\",\"source\":\"review-go\"}\n"
}
