Testing `arch_tools'.
This run has ID `5I8L5MKL'.

  [OK]          path              0   normalise.
  [OK]          selector          0   glob_match.
  [OK]          format            0   float_to_string.

Full test results in `~/dev/arch-index-worktrees/guard-division-analysis/_build/default/test/_build/_tests/arch_tools'.
Test Successful in 0.000s. 3 tests run.
Testing `arch_effects'.
This run has ID `MYGCLYPB'.

  [OK]          value_kind            0   to_string.
  [OK]          value_kind            1   of_string_roundtrip.
  [OK]          value_kind            2   of_string_unknown.
  [OK]          soundness             0   to_string.
  [OK]          effects_db            0   write_effects_happy.
  [OK]          effects_db            1   write_effects_missing.
  [OK]          effects_load          0   load_happy.
  [OK]          effects_load          1   load_bad_json.

Full test results in `~/dev/arch-index-worktrees/guard-division-analysis/_build/default/test/_build/_tests/arch_effects'.
Test Successful in 0.002s. 8 tests run.
Testing `arch_capabilities'.
This run has ID `NYL74MDS'.

  [OK]          capability_types                  0   reachability_class_roun...
  [OK]          capability_types                  1   reachability_class_unkn...
  [OK]          capability_types                  2   edge_type_roundtrip.
  [OK]          capability_types                  3   edge_type_unknown.
  [OK]          sidecar_yaml                      0   parse_capabilities.
  [OK]          sidecar_yaml                      1   missing_file.
  [OK]          sidecar_yaml                      2   empty_yield_is_error.
  [OK]          sidecar_yaml                      3   blank_no_error.
  [OK]          sidecar_yaml                      4   parse_value_touched.
  [OK]          sidecar_yaml                      5   strip_inline_comments.
  [OK]          sidecar_yaml                      6   parse_edge_paths.
  [OK]          capability_db                     0   write_capabilities_roun...
  [OK]          capability_db                     1   write_capabilities_dist...
  [OK]          capability_db                     2   write_attack_edges_roun...
  [OK]          capability_db                     3   write_attack_edges_dedup.
  [OK]          capability_db                     4   write_capabilities_miss...
  [OK]          regression_g4_end_to_end          0   actor_paths_end_to_end.

Full test results in `~/dev/arch-index-worktrees/guard-division-analysis/_build/default/test/_build/_tests/arch_capabilities'.
Test Successful in 0.005s. 17 tests run.
Testing `arch-index parsers'.
This run has ID `OD5LRIOA'.

  [OK]          Comment_parser          0   empty comment.
  [OK]          Comment_parser          1   JSDoc @tag syntax: full.
  [OK]          Comment_parser          2   OCaml {tag} syntax.
  [OK]          Comment_parser          3   violators: Present_none.
  [OK]          Comment_parser          4   score: maximum 100.
  [OK]          Comment_parser          5   summary extraction.
  [OK]          Comment_parser          6   score: Present_none < Present.
  [OK]          Comment_parser          7   parse_violators_json: none → None.
  [OK]          Comment_parser          8   parse_violators_json: entry.
  [OK]          Comment_parser          9   parse_violators_json: multiple.

Full test results in `~/dev/arch-index-worktrees/guard-division-analysis/_build/default/test/_build/_tests/arch-index parsers'.
Test Successful in 0.000s. 10 tests run.
Testing `arch_index_cfg'.
This run has ID `W8TJ1TIO'.

  [OK]          postdom          0   single_block.
  [OK]          postdom          1   diamond.
  [OK]          postdom          2   loop.
  [OK]          postdom          3   exitless.
  [OK]          postdom          4   terminator_split.
  [OK]          postdom          5   all_arms_diverge.
  [OK]          postdom          6   terminator_with_handler.

Full test results in `~/dev/arch-index-worktrees/guard-division-analysis/_build/default/test/_build/_tests/arch_index_cfg'.
Test Successful in 0.000s. 7 tests run.
Testing `arch_index_compare'.
This run has ID `332VC0VH'.

  [OK]          compare_bodies          0   not_found.
  [OK]          compare_bodies          1   single_occurrence_is_identical.
  [OK]          compare_bodies          2   identical_ignores_whitespace.
  [OK]          compare_bodies          3   differing_bodies.
  [OK]          compare_bodies          4   empty_bodies_are_identical_but_no...

Full test results in `~/dev/arch-index-worktrees/guard-division-analysis/_build/default/test/_build/_tests/arch_index_compare'.
Test Successful in 0.002s. 5 tests run.
Testing `lsp_uri'.
This run has ID `A7ZX39Y6'.

  [OK]          file_uri_of_path          0   a relative path is absolutised.
  [OK]          file_uri_of_path          1   a bare relative path is absolut...
  [OK]          file_uri_of_path          2   an absolute path is preserved.
  [OK]          file_uri_of_path          3   interior dot segments collapse.
  [OK]          relative_path             0   a relative project dir still re...
  [OK]          relative_path             1   a prefix without a separator bo...
  [OK]          relative_path             2   the root itself does not raise.
  [OK]          relative_path             3   parent segments resolve.
  [OK]          relative_path             4   both sides are normalised.
  [OK]          relative_path             5   a foreign path is left alone.
  [OK]          path_of_file_uri          0   round-trip.
  [OK]          path_of_file_uri          1   a bare scheme is not consumed.
  [OK]          path_of_file_uri          2   a non-URI is returned unchanged.
  [OK]          path_of_file_uri          3   the triple-slash form is handled.

Full test results in `~/dev/arch-index-worktrees/guard-division-analysis/_build/default/test/_build/_tests/lsp_uri'.
Test Successful in 0.001s. 14 tests run.
arch-errors: channel e: 'Stdlib.ignore' matched nothing
arch-errors: channel e: 'Stdlib.ignore' matched nothing
arch-errors: channel r: 'Stdlib.Error' matched nothing
arch-errors: channel r: 'Stdlib.Result.value' matched nothing
arch-errors: channel r: 'Stdlib.Result.fold' matched nothing
arch-errors: channel r: 'Stdlib.Result.get_ok' matched nothing
arch-errors: channel r: 'Stdlib.Result.bind' matched nothing
arch-errors: channel r: 'Stdlib.Result.Syntax.let*' matched nothing
arch-errors: channel r: 'Stdlib.Result.Syntax.and*' matched nothing
arch-errors: channel r: 'Stdlib.Result.map_error' matched nothing
arch-errors: channel r: 'Stdlib.result' matched nothing
arch-errors: channel r: 'Lwt.t' matched nothing
arch-errors: channel result: 'Stdlib.Error' matched nothing
arch-errors: channel result: 'Stdlib.Result.value' matched nothing
arch-errors: channel result: 'Stdlib.Result.fold' matched nothing
arch-errors: channel result: 'Stdlib.Result.get_ok' matched nothing
arch-errors: channel result: 'Stdlib.Result.bind' matched nothing
arch-errors: channel result: 'Stdlib.Result.Syntax.let*' matched nothing
arch-errors: channel result: 'Stdlib.Result.Syntax.and*' matched nothing
arch-errors: channel result: 'Stdlib.Result.map_error' matched nothing
arch-errors: channel result: 'result' matched nothing
arch-errors: channel result: 'Stdlib.result' matched nothing
arch-errors: channel option: 'None' matched nothing
arch-errors: channel option: 'Stdlib.Option.value' matched nothing
arch-errors: channel option: 'Stdlib.Option.get' matched nothing
arch-errors: channel option: 'Stdlib.Option.fold' matched nothing
arch-errors: channel option: 'Stdlib.Option.bind' matched nothing
arch-errors: channel option: 'Stdlib.Option.Syntax.let*' matched nothing
arch-errors: channel option: 'Stdlib.Option.Syntax.and*' matched nothing
arch-errors: channel option: 'option' matched nothing
arch-errors: channel result: 'Stdlib.Error' matched nothing
arch-errors: channel result: 'Stdlib.Result.value' matched nothing
arch-errors: channel result: 'Stdlib.Result.fold' matched nothing
arch-errors: channel result: 'Stdlib.Result.get_ok' matched nothing
arch-errors: channel result: 'Stdlib.Result.bind' matched nothing
arch-errors: channel result: 'Stdlib.Result.Syntax.let*' matched nothing
arch-errors: channel result: 'Stdlib.Result.Syntax.and*' matched nothing
arch-errors: channel result: 'Stdlib.Result.map_error' matched nothing
arch-errors: channel result: 'result' matched nothing
arch-errors: channel result: 'Stdlib.result' matched nothing
arch-errors: channel option: 'None' matched nothing
arch-errors: channel option: 'Stdlib.Option.value' matched nothing
arch-errors: channel option: 'Stdlib.Option.get' matched nothing
arch-errors: channel option: 'Stdlib.Option.fold' matched nothing
arch-errors: channel option: 'Stdlib.Option.bind' matched nothing
arch-errors: channel option: 'Stdlib.Option.Syntax.let*' matched nothing
arch-errors: channel option: 'Stdlib.Option.Syntax.and*' matched nothing
arch-errors: channel option: 'Fx.never_there' matched nothing
arch-errors: channel result: 'Stdlib.Error' matched nothing
arch-errors: channel result: 'Stdlib.Result.value' matched nothing
arch-errors: channel result: 'Stdlib.Result.fold' matched nothing
arch-errors: channel result: 'Stdlib.Result.get_ok' matched nothing
arch-errors: channel result: 'Stdlib.Result.bind' matched nothing
arch-errors: channel result: 'Stdlib.Result.Syntax.let*' matched nothing
arch-errors: channel result: 'Stdlib.Result.Syntax.and*' matched nothing
arch-errors: channel result: 'Stdlib.Result.map_error' matched nothing
arch-errors: channel result: 'result' matched nothing
arch-errors: channel result: 'Stdlib.result' matched nothing
arch-errors: channel option: 'None' matched nothing
arch-errors: channel option: 'Stdlib.Option.value' matched nothing
arch-errors: channel option: 'Stdlib.Option.get' matched nothing
arch-errors: channel option: 'Stdlib.Option.fold' matched nothing
arch-errors: channel option: 'Stdlib.Option.bind' matched nothing
arch-errors: channel option: 'Stdlib.Option.Syntax.let*' matched nothing
arch-errors: channel option: 'Stdlib.Option.Syntax.and*' matched nothing
arch-errors: channel r: 'Stdlib.Error' matched nothing
arch-errors: channel r: 'Stdlib.Result.value' matched nothing
arch-errors: channel r: 'Stdlib.Result.fold' matched nothing
arch-errors: channel r: 'Stdlib.Result.get_ok' matched nothing
arch-errors: channel r: 'Stdlib.Result.bind' matched nothing
arch-errors: channel r: 'Stdlib.Result.Syntax.let*' matched nothing
arch-errors: channel r: 'Stdlib.Result.Syntax.and*' matched nothing
arch-errors: channel r: 'Stdlib.Result.map_error' matched nothing
arch-errors: channel r: 'Stdlib.result' matched nothing
[06:07:06.672] [SUCCESS] (1/255) helpers: the shared string search holds at its boundaries
[06:07:06.673] [SUCCESS] (2/255) helpers: find_upwards stops at the enclosing dune-project
[06:07:06.673] [SUCCESS] (3/255) registry-gaps: the R3 detector reports exactly the unregistered paths
[06:07:06.891] [SUCCESS] (4/255) cmt: module-language shapes
[06:07:17.379] [SUCCESS] (5/255) index: one polyglot repository, one database
[06:07:17.386] [SUCCESS] (6/255) docs: curation-workflow SQL blocks still run
[06:07:17.411] [SUCCESS] (7/255) load: NDJSON to a contract-marked index
[06:07:17.435] [SUCCESS] (8/255) load: refuses what it cannot carry faithfully
[06:07:17.492] [SUCCESS] (9/255) health: facts are exact, measures are not gates
[06:07:17.513] [SUCCESS] (10/255) health: refuses a flat index rather than answering emptily
[06:07:17.544] [SUCCESS] (11/255) contract: reaches under-approximates, unreachable over-approximates
[06:07:17.562] [SUCCESS] (12/255) contract: refuses rather than answering unsoundly
[06:07:17.577] [SUCCESS] (13/255) contract: an unknown name is refused on the flat schema too
[06:07:17.586] [SUCCESS] (14/255) contract: an unreadable index exits 2, never 3
[06:07:17.639] [SUCCESS] (15/255) duplicates: a proof, a single, and a difference
[06:07:17.658] [SUCCESS] (16/255) duplicates: unreadable bodies are unverifiable, not proven
[06:07:17.679] [SUCCESS] (17/255) duplicates: refuses an index with no source mapping
[06:07:18.725] [SUCCESS] (18/255) curation: a load is all-or-nothing, and appends
[06:07:18.826] [SUCCESS] (19/255) curation: provenance is mandatory and the log only grows
[06:07:18.840] [SUCCESS] (20/255) curation: an optional module field disambiguates a same-named function (#35)
[06:07:18.850] [SUCCESS] (21/255) curation: gardening open must not drop in_progress tasks (#34)
[06:07:18.864] [SUCCESS] (22/255) curation: a bare and a module-qualified record for one name are rejected together
[06:07:18.874] [SUCCESS] (23/255) mutants: the plan partitions the index and carries its tests
[06:07:18.882] [SUCCESS] (24/255) mutants: a ⊤ edge inside the test cone destroys the proof
[06:07:18.893] [SUCCESS] (25/255) mutants: the allowlist is engine-consumable and never empty by accident
[06:07:18.905] [SUCCESS] (26/255) mutants: survivors are attributed to the innermost span
[06:07:18.938] [SUCCESS] (27/255) mutants: the mutaml adapter reads both encodings and refuses the rest
[06:07:18.942] [SUCCESS] (28/255) mutants: a NULL-kind edge makes targeting unsound
[06:07:18.966] [SUCCESS] (29/255) decision-lint: an alias dies with any name it depends on
[06:07:18.977] [SUCCESS] (30/255) decision-lint: solver noise must not shift the verdict stream
[06:07:48.986] [SUCCESS] (31/255) decision-lint: a solver that goes silent must not hang the run
[06:07:48.995] [SUCCESS] (32/255) decision-lint: a missing solver is reported absent, not dead
[06:07:49.005] [SUCCESS] (33/255) coverage: no data is not zero, and ⊤-only coverage is flagged apart
[06:07:49.035] [SUCCESS] (34/255) coverage: a malformed tracefile aborts instead of reporting 0%
[06:07:49.041] [SUCCESS] (35/255) coverage: a covered function always lands in some bucket
[06:07:49.055] [SUCCESS] (36/255) coverage: covered with surviving mutants is tested-by-nothing
[06:07:49.067] [SUCCESS] (37/255) coverage: a name shared with a non-instrumented function is ambiguous
[06:07:49.076] [SUCCESS] (38/255) coverage: --write replaces rather than accumulates
[06:07:49.079] [SUCCESS] (39/255) coverage: a NULL-kind edge makes reachability unsound
[06:07:49.098] [SUCCESS] (40/255) serve: a main-schema index is declined, not crashed on
[06:07:49.139] [SUCCESS] (41/255) serve: the flat schema is served over HTTP
[06:07:49.154] [SUCCESS] (42/255) rules: the five verdicts stay distinct
[06:07:49.162] [SUCCESS] (43/255) rules: a glob boundary slip breaks verdicts both ways
[06:07:49.190] [SUCCESS] (44/255) rules: the exit-code policy, including the flags that disable it
[06:07:49.195] [SUCCESS] (45/255) rules: a misspelled --format aborts rather than falling back to text
[06:07:49.210] [SUCCESS] (46/255) rules: a rule file it cannot parse aborts the gate
[06:07:49.219] [SUCCESS] (47/255) rules: an un-⊤-marked index can never yield PASS
[06:07:49.230] [SUCCESS] (48/255) rules: a rule that was never evaluated is not a passing rule
[06:07:49.235] [SUCCESS] (49/255) rules: VIOLATION/POSSIBLE/UNKNOWN carry a concrete witness path; PASS carries none
[06:07:49.240] [SUCCESS] (50/255) rules: VIOLATION's witness walks must_fwd even when a shorter fwd path exists
[06:07:49.251] [SUCCESS] (51/255) rules: the text summary must not report a three-state verdict as one number
[06:07:49.268] [SUCCESS] (52/255) rules: the summary census partitions the rules, and the gate is a separate line
[06:07:49.282] [SUCCESS] (53/255) rules: an escaping cone and an un-⊤-marked index are not the same UNKNOWN
[06:07:49.332] [SUCCESS] (54/255) rules: --on-vacuous covers every rule form, not only `reach`
[06:07:49.410] [SUCCESS] (55/255) rules: ext: names external leaves, and is refused where it would be inert
[06:07:49.419] [SUCCESS] (56/255) rules: an internal function cannot be classified ext: even with a dangling module_id
[06:07:49.544] [SUCCESS] (57/255) rules origin: context and site caps stay independent (one_site)
[06:07:49.665] [SUCCESS] (58/255) rules origin: context and site caps stay independent (distinct_sites)
[06:07:49.799] [SUCCESS] (59/255) rules origin: an exemption is bounded by its count, not by its four fields
[06:07:49.963] [SUCCESS] (60/255) rules origin: the parser refuses what it cannot serve, and says which character
[06:07:50.075] [SUCCESS] (61/255) rules origin: an index with no origin data reports NOT_COMPUTED, never PASS
[06:07:50.197] [SUCCESS] (62/255) rules origin: the allow-file survives a '|' in a name, and refuses a duplicate
[06:07:50.332] [SUCCESS] (63/255) rules origin: the coverage figure, the channel scope, and the escapes filter
[06:07:50.453] [SUCCESS] (64/255) rules origin: an index older than the channel column is handled, not crashed into
[06:07:50.592] [SUCCESS] (65/255) pcc: pcc-index answers in one strict JSON object, or not at all
[06:07:50.642] [SUCCESS] (66/255) pcc: a broken build produces no stdout to misread
[06:07:50.820] [SUCCESS] (67/255) pcc: pcc-dossier reports a FAIL verdict without becoming one
[06:07:51.366] [SUCCESS] (68/255) pcc: pcc-preflight tells a passing suite from a failing one
[06:07:52.338] [SUCCESS] (69/255) callgraph-go: the three edge kinds and the verdicts they license
[06:07:53.064] [SUCCESS] (70/255) callgraph-go: a cgo wrapper call is a ⊤ anchor
[06:07:56.202] [SUCCESS] (71/255) lsp: Go is indexed with Go's own visibility rule
[06:07:58.683] [SUCCESS] (72/255) lsp: Rust keeps its module nesting and its call edges
[06:08:05.101] [SUCCESS] (73/255) lsp: TypeScript enrichment actually reaches the rows
[06:08:05.201] [SUCCESS] (74/255) cmt: nested modules and functors are indexed where they are written
[06:08:05.229] [SUCCESS] (75/255) impact: a hunk touches the span that contains it, and no other
[06:08:05.248] [SUCCESS] (76/255) impact: contract_ok is the strict check, not 'flag present'
[06:08:05.274] [SUCCESS] (77/255) impact: a span-less index degrades to file granularity, loudly
[06:08:05.331] [SUCCESS] (78/255) impact: the findings gate fires on touched lines and refuses when uncomputed
[06:08:05.333] [SUCCESS] (79/255) impact: a half line span is refused at load time
[06:08:05.354] [SUCCESS] (80/255) impact: a diff content line is not a file header
[06:08:05.470] [SUCCESS] (81/255) cmt: a closure with no ⊤ proves, one with a ⊤ does not
[06:08:05.617] [SUCCESS] (82/255) cmt: shadows, function values and callbacks resolve honestly
[06:08:05.707] [SUCCESS] (83/255) cmt: deferred code is not dead code
[06:08:06.081] [SUCCESS] (84/255) soundness: the dominance corpus
[06:08:06.167] [SUCCESS] (85/255) shadowed-definitions: no collision keeps the bare name
[06:08:06.252] [SUCCESS] (86/255) shadowed-definitions: same-level shadow keeps two rows with distinct edges (#41)
[06:08:06.337] [SUCCESS] (87/255) shadowed-definitions: a 3-way same-level shadow numbers and attributes correctly (#41)
[06:08:06.423] [SUCCESS] (88/255) shadowed-definitions: only the live binding is exposed via the .mli (#41)
[06:08:06.509] [SUCCESS] (89/255) shadowed-definitions: a nested-module same-level shadow is qualified and numbered (#41)
[06:08:06.609] [SUCCESS] (90/255) shadowed-definitions: a cross-module qualified call reaches the live definition, not the shadowed one (#41)
[06:08:07.252] [SUCCESS] (91/255) indexer: no wildcard binding is recorded as a function
[06:08:07.360] [SUCCESS] (92/255) indexer: every reported count equals the number of rows stored, even when rows are refused
[06:08:07.574] [SUCCESS] (93/255) effects: the OCaml CMT extractor answers all four questions
[06:08:09.194] [SUCCESS] (94/255) effects: the Go SSA extractor answers the same four
[06:08:09.210] [SUCCESS] (95/255) effects: a producer with no extractor still satisfies the contract
[06:08:09.237] [SUCCESS] (96/255) effects: name+path endpoints resolve to the right id, or to all, never to a wrong one
[06:08:14.261] [SUCCESS] (97/255) lsp: a refused symbol query names itself in the output
[06:08:24.269] [SUCCESS] (98/255) lsp: a refused call query is named once per file, not per attempt
[06:08:24.283] [SUCCESS] (99/255) runner diagnostics: missing LSP is reported without --verbose
[06:08:24.291] [SUCCESS] (100/255) runner diagnostics: LSP start failure is reported without --verbose
[06:08:34.301] [SUCCESS] (101/255) runner diagnostics: timeout and partial results are reported without --verbose
[06:08:34.308] [SUCCESS] (102/255) runner diagnostics: unexpected spawn error is reported without --verbose
[06:08:34.531] [SUCCESS] (103/255) readiness: a closed indexing phase is reported as such
[06:08:36.757] [warn] readiness fell back to the quiescence heuristic across the gap: honest, but the indexing phase was missed
[06:08:36.757] [SUCCESS] (104/255) readiness: a gap between phases is not the server reporting completion
[06:08:41.781] [SUCCESS] (105/255) readiness: a server that reports no progress says so
[06:08:41.787] [SUCCESS] (106/255) Arch_index_db.rejections_by_table: per-table attribution of rejected rows
[06:08:41.796] [SUCCESS] (107/255) Arch_index_support.schema_tables_to_drop covers every producer-written table
[06:08:41.886] [SUCCESS] (108/255) completion markers: every meta key a run writes is classified
[06:08:41.997] [SUCCESS] (109/255) completion markers: none survives a re-index that indexes nothing
[06:08:42.107] [SUCCESS] (110/255) escaping-origins: fatal origins in the closure, with coverage and MAY/MUST
[06:08:42.209] [SUCCESS] (111/255) escaping-origins: an ambiguous WHOLE-MODULE root is refused, never unioned
[06:08:42.328] [SUCCESS] (112/255) escaping-origins: the reported channel is the one queried, both ways
[06:08:42.446] [SUCCESS] (113/255) escaping-origins: a root suffix must align on a path boundary
[06:08:42.559] [SUCCESS] (114/255) escaping-origins: an unentered closure says so, rather than reading as clean
[06:08:42.565] [SUCCESS] (115/255) escaping-origins: an index with no origin table is refused before any output
[06:08:42.667] [SUCCESS] (116/255) escaping-origins: --forms selects, and an unknown form is refused
[06:08:42.773] [SUCCESS] (117/255) escaping-origins: an ambiguous root is refused, never unioned
[06:08:42.881] [SUCCESS] (118/255) point-free aliases: a local alias emits a MAY_ENUMERATED value_alias edge
[06:09:08.304] [SUCCESS] (119/255) point-free aliases: the flat schema carries edge_form too (S5)
[06:09:08.414] [SUCCESS] (120/255) point-free aliases: fan-in does not count an alias as a caller
[06:09:08.532] [SUCCESS] (121/255) point-free aliases: callers-of and god-modules exclude alias edges
[06:09:08.671] [SUCCESS] (122/255) point-free aliases: an alias inherits its target's raise set
[06:09:08.760] [SUCCESS] (123/255) phantom origins: an omitted optional argument is not a returned None (3.14)
[06:09:08.844] [SUCCESS] (124/255) phantom origins: a synthetic None still OBSERVES the declared path (3.14)
[06:09:08.967] [SUCCESS] (125/255) module-alias heads: an alias-rooted head is rewritten, marked and never MUST
[06:09:09.078] [SUCCESS] (126/255) module-alias heads: a nested rebinding resolves to ITS target, not the toplevel one
[06:09:09.199] [SUCCESS] (127/255) module-alias heads: callers-of, fan-in and god-modules all COUNT a rewritten edge
[06:09:09.291] [SUCCESS] (128/255) arch-report: every finding in report.json appears in the SARIF and the HTML (CHECK-5)
[06:09:09.387] [SUCCESS] (129/255) arch-report: a failed analysis never renders covered, and reaches all three channels
[06:09:09.568] [SUCCESS] (130/255) arch-report: report.sarif validates against the published 2.1.0 schema (CHECK-4)
[06:09:09.666] [SUCCESS] (131/255) arch-report: an analysis that did not run renders explicitly, never as absent (FR-024)
[06:09:09.761] [SUCCESS] (132/255) arch-report: imported heuristic findings are rendered, with their own provenance
[06:09:09.921] [SUCCESS] (133/255) arch-report: --rules evaluates rules in the unified report
[06:09:09.970] [SUCCESS] (134/255) actionable report standalone check: rules
[06:09:10.005] [SUCCESS] (135/255) actionable report standalone check: ordering
[06:09:12.234] [SUCCESS] (136/255) actionable report standalone check: operands
[06:09:12.292] [SUCCESS] (137/255) actionable report standalone check: compatibility
[06:09:12.313] [SUCCESS] (138/255) actionable report checker exit mapping: assert
[06:09:12.333] [SUCCESS] (139/255) actionable report checker exit mapping: execution
[06:09:13.341] [SUCCESS] (140/255) origin recurring consumer: authentic
[06:09:16.401] [SUCCESS] (141/255) origin recurring consumer: failures
[06:09:16.613] [SUCCESS] (142/255) origin recurring consumer: package
[06:09:16.641] [SUCCESS] (143/255) origin recurring consumer checker exit: assert
[06:09:16.668] [SUCCESS] (144/255) origin recurring consumer checker exit: execution
[06:09:16.691] [SUCCESS] (145/255) arch-guard: authentic CMT inventory drives classification
[06:09:16.707] [SUCCESS] (146/255) arch-guard: constant-zero-v1 exact singleton transfer
[06:09:16.763] [SUCCESS] (147/255) arch-guard independent checker: inventory
[06:09:17.093] [SUCCESS] (148/255) arch-guard independent checker: numeric
[06:09:23.654] [SUCCESS] (149/255) arch-guard independent checker: domain
[06:09:31.128] [SUCCESS] (150/255) arch-guard independent checker: inputs
[06:09:32.103] [SUCCESS] (151/255) arch-guard independent checker: report
[06:09:32.247] [SUCCESS] (152/255) arch-guard independent checker: owned
[06:09:32.270] [SUCCESS] (153/255) arch-guard independent checker: --assertion-control
[06:09:32.294] [SUCCESS] (154/255) arch-guard independent checker: --execution-control
[06:09:32.415] [SUCCESS] (155/255) sarif-in: an imported finding is heuristic and changes no edge (CHECK-1)
[06:09:32.519] [SUCCESS] (156/255) sarif-in: a merged log attributes each finding to ITS own tool, not the last one
[06:09:32.636] [SUCCESS] (157/255) sarif-in: an underscore is not a wildcard, a non-string level is not a warning
[06:09:32.738] [SUCCESS] (158/255) sarif-in: an index predating the table is refused before anything is written
[06:09:32.860] [SUCCESS] (159/255) sarif-in: unparseable writes no facts (CHECK-3); parseable-with-rejects is partial (CHECK-3-bis)
[06:09:32.964] [SUCCESS] (160/255) exported selector: exported:** is fn:** restricted to the API surface
[06:09:33.058] [SUCCESS] (161/255) exported selector: refused where it is not granted, before it can answer wrongly
[06:09:33.212] [SUCCESS] (162/255) exported selector: accepted in exactly ONE position, refused in every other
[06:09:33.222] [SUCCESS] (163/255) exported selector: the FLAT schema's own column is read (4.4)
[06:09:33.314] [SUCCESS] (164/255) escaping-origins --roots exported: the cone starts at the API surface, not everywhere
[06:09:33.402] [SUCCESS] (165/255) escaping-origins --roots exported: an index with no exports is REFUSED, not reported empty
[06:09:33.406] [SUCCESS] (166/255) escaping-origins --roots exported: a producer-shaped FLAT index is REFUSED, not answered empty
[06:09:33.497] [SUCCESS] (167/255) escaping-origins --roots exported: an index predating functions.exposed is REFUSED
[06:09:33.593] [SUCCESS] (168/255) escaping-origins --roots exported: the keyword shadows a function named exported, and qualifying escapes it
[06:09:33.599] [SUCCESS] (169/255) Arch_index_db.insert_function: a rejected row yields no id, not a neighbour's
[06:09:33.701] [SUCCESS] (170/255) indexer: a call to a function whose row was rejected is MAY_TOP, not a MUST external leaf
[06:09:33.803] [SUCCESS] (171/255) indexer: a rejected modules row indexes nothing from that unit, and its callers go to MAY_TOP
[06:09:33.903] [SUCCESS] (172/255) indexer: a rejected types row drops its fields and constructors rather than filing them under another type
[06:09:34.096] [SUCCESS] (173/255) cmt: a nested-module reference resolves to the linked unit
[06:09:34.312] [SUCCESS] (174/255) cmt: a qualified reference resolves within the library it names
[06:09:34.410] [SUCCESS] (175/255) cmt: two (wrapped false) libraries sharing a module name degrade to ⊤, never a guess
[06:09:34.516] [SUCCESS] (176/255) cmt: a reference through a cross-library re-export facade resolves to the real unit
[06:09:34.627] [SUCCESS] (177/255) cmt: an include-defined homonym never resolves into the other library — pinned, not endorsed
[06:09:34.733] [SUCCESS] (178/255) cmt: a reference rooted outside the index still binds a local homonym — pinned, not endorsed
[06:09:34.844] [SUCCESS] (179/255) cmt: a deeper include-defined homonym is not re-interpreted at the ANCHOR's own segment — pinned, not endorsed
[06:09:34.957] [SUCCESS] (180/255) cmt: include_subdirs qualified — a nested module resolves within its own library
[06:09:35.060] [SUCCESS] (181/255) cmt: a main module SHADOWING a sibling degrades to ⊤ — pinned, not endorsed
[06:09:35.169] [SUCCESS] (182/255) cmt: an aliased nested module can still bind an unlinked homonym — pinned, not endorsed
[06:09:35.273] [SUCCESS] (183/255) cmt: module_deps and type_usage still erase the owning library — pinned, not endorsed
[06:09:35.386] [SUCCESS] (184/255) cmt: a homonym unit below the anchor still binds a LINKED wrong library — pinned, not endorsed
[06:09:35.491] [SUCCESS] (185/255) cmt: a homonym unit name is never resolved to whichever library owns the row
[06:09:35.949] [SUCCESS] (186/255) cmt: the whole-repo MUST-with-NULL-callee count stays under its ceiling
[06:09:36.013] [SUCCESS] (187/255) arch-query: a bad limit argument is refused, not defaulted
[06:09:36.122] [SUCCESS] (188/255) exn: producer records origins, scopes and call scopes per node
[06:09:36.380] [SUCCESS] (189/255) exn: raises / raisers-of / exn-stats are handler-aware and ⊤-honest
[06:09:36.496] [SUCCESS] (190/255) error-channels: producer records value-channel origins, scopes and edges
[06:09:36.622] [SUCCESS] (191/255) error-channels: re-indexing an existing database is idempotent
[06:09:36.748] [SUCCESS] (192/255) error-channels: a re-index never inherits the previous run's completion markers
[06:09:36.836] [SUCCESS] (193/255) error-channels: --errors-strict succeeds when every declaration matches
[06:09:36.911] [SUCCESS] (194/255) error-channels: a channel shadowed by an earlier one is refused at load time
[06:09:36.987] [SUCCESS] (195/255) error-channels: shadowing a BUILT-IN channel is refused with an actionable remedy
[06:09:37.070] [SUCCESS] (196/255) error-channels: --errors-strict passes over a config that EXTENDS a built-in
[06:09:37.379] [SUCCESS] (197/255) error-channels: may-fail per channel
[06:09:37.485] [SUCCESS] (198/255) error-channels: config validation does not abort on a good file
[06:09:37.590] [SUCCESS] (199/255) error-channels: --errors-strict promotes a miss to fatal
[06:09:37.675] [SUCCESS] (200/255) error-channels: ARCH_ERRORS_PROFILES_DIR wins over <root>/profiles, and is printed
[06:09:37.687] [SUCCESS] (201/255) error-channels: a Flat-schema DB refuses NOT_ANALYSED on every channel
[06:09:37.861] [SUCCESS] (202/255) error-channels: [summaries] replaces external ⊤ with the declared set
[06:09:37.946] [SUCCESS] (203/255) provenance: Arch_index.run stamps a real producer_runs row on real functions/calls
[06:09:38.042] [SUCCESS] (204/255) provenance: re-indexing the same database does not accumulate producer_runs rows
[06:09:38.048] [SUCCESS] (205/255) provenance: functions/calls join producer_runs, not five text columns
[06:09:38.054] [SUCCESS] (206/255) provenance: an invalid soundness_class is rejected, not stored
[06:09:38.062] [SUCCESS] (207/255) provenance: arch-load's --producer/--soundness-class flags
[06:09:38.092] [SUCCESS] (208/255) coverage-matrix: an un-built OCaml project reports callgraph not_analysed, exit 1
[06:09:38.175] [SUCCESS] (209/255) coverage-matrix: a built OCaml project reports callgraph covered
[06:09:38.186] [SUCCESS] (210/255) coverage-matrix: --allow-partial accepts gaps with exit 0
[06:09:38.198] [SUCCESS] (211/255) coverage-matrix: a Cargo workspace with no callgraph-rust driver built reports not_analysed
[06:09:38.210] [SUCCESS] (212/255) coverage-matrix: a built arch-callgraph-go driver reports callgraph covered
[06:09:38.222] [SUCCESS] (213/255) coverage-matrix: a built callgraph-rust driver AND merge pass reports callgraph covered
[06:09:38.222] [SUCCESS] (214/255) coverage-matrix: find_sibling_tool never climbs past the enclosing dune-project
[06:09:38.223] [SUCCESS] (215/255) coverage-matrix: find_sibling_tool never climbs past the enclosing dune-project (_build/default candidate)
[06:09:38.223] [SUCCESS] (216/255) coverage-matrix: find_repo_root never climbs past the enclosing dune-project
[06:09:38.234] [SUCCESS] (217/255) coverage-matrix: coverage and decisions are always not_analysed without --lcov, language NULL
[06:09:38.253] [SUCCESS] (218/255) coverage-matrix: re-running replaces rather than accumulates rows
[06:09:38.266] [SUCCESS] (219/255) coverage-matrix: writing into an existing, populated main-schema database is safe
[06:09:38.279] [SUCCESS] (220/255) coverage-matrix: the error_channels row reads the producer's contract
[06:09:38.364] [SUCCESS] (221/255) top-anchor: a function-typed parameter invoked as a callback is callback_param
[06:09:38.450] [SUCCESS] (222/255) top-anchor: a functor argument's member invoked is module_param
[06:09:38.536] [SUCCESS] (223/255) top-anchor: a resolved MUST edge has NULL top_reason and NULL top_anchor
[06:09:38.620] [SUCCESS] (224/255) top-anchor: top_reason/top_anchor are non-NULL iff kind is MAY_TOP, across every row
[06:09:38.626] [SUCCESS] (225/255) top-anchor: a top_reason on a non-MAY_TOP row violates the CHECK constraint
[06:09:38.632] [SUCCESS] (226/255) top-anchor: an out-of-vocabulary top_reason violates the CHECK constraint
[06:09:38.708] [SUCCESS] (227/255) sarif: --format sarif validates against the SARIF 2.1.0 schema
[06:09:38.715] [SUCCESS] (228/255) sarif: a PASS verdict never becomes a result — only non-PASS verdicts do
[06:09:38.721] [SUCCESS] (229/255) sarif: VIOLATION/POSSIBLE/UNKNOWN map to error/warning/note
[06:09:38.726] [SUCCESS] (230/255) sarif: an UNKNOWN result carries properties.soundness=unknown_top and its top_reason
[06:09:38.729] [SUCCESS] (231/255) sarif: UNKNOWN_NO_CONTRACT carries properties.soundness=no_contract, not unknown_top
[06:09:38.735] [SUCCESS] (232/255) json: an UNKNOWN result's top_reasons carries the ⊤-anchor taxonomy value
[06:09:38.740] [SUCCESS] (233/255) sarif: a rule's witness path becomes a codeFlow with one location per step, IN ORDER
[06:09:38.745] [SUCCESS] (234/255) sarif: driver name/category/automationDetails are set, and the ⊤ frontier is a count, not results
[06:09:38.754] [SUCCESS] (235/255) sarif: every non-PASS verdict in --format json appears in --format sarif
[06:09:38.760] [SUCCESS] (236/255) sarif: an analysis_coverage row with status=not_analysed becomes a toolExecutionNotification, never silence
[06:09:38.769] [SUCCESS] (237/255) sarif: tool.driver.name/version are read from a real producer_runs row, not just the fallback
[06:09:38.837] [SUCCESS] (238/255) sarif: two runs from one producer must carry distinct category/automationDetails.id
[06:09:38.844] [SUCCESS] (239/255) sarif: a VIOLATION result carries results[].locations with the source's fullyQualifiedName
[06:09:38.844] [SUCCESS] (240/255) sarif: a file name containing a parenthesis does not fabricate a bogus location
[06:09:38.844] [SUCCESS] (241/255) sarif: two runs sharing (producer, category) are rejected, not silently emitted
[06:09:38.844] [SUCCESS] (242/255) sarif: a finding's soundness_class=heuristic round-trips into properties
[06:09:38.853] [SUCCESS] (243/255) sarif: a `dep` VIOLATION does not fabricate results[].locations from its prose detail
[06:09:38.856] [SUCCESS] (244/255) sarif: a nothing-proved result's message.text names the rule, the verdict, and its note
[06:09:38.866] [SUCCESS] (245/255) sarif: a MAIN-schema UNKNOWN result's top_reasons is read via caller_id, not left empty
[06:09:38.872] [SUCCESS] (246/255) sarif: a FLAT index's producer/soundness_class round-trip from comment_db_meta
[06:09:38.878] [SUCCESS] (247/255) sarif: a truncated results[].locations still carries properties.detail_total
[06:09:38.884] [SUCCESS] (248/255) rules: an UNKNOWN verdict on an index with kind but no top_reason column does not crash
[06:09:38.896] [SUCCESS] (249/255) arch-impact/rules/coverage/mutants: a query-time Refused is rendered as a diagnostic, not dumped as an uncaught exception
[06:09:38.906] [SUCCESS] (250/255) arch-query raises: refuses (exit 3), does not crash, on an index predating exn_scopes.channel
[06:09:38.909] [SUCCESS] (251/255) arch-query escaping-origins: refuses (exit 3), does not crash, on an index predating exn_origins.channel
[06:09:38.910] [SUCCESS] (252/255) Arch_db.ok: converts a raw 'no such column' error into Refused, naming the column, for ANY site with no guard
[06:09:38.910] [SUCCESS] (253/255) Arch_db.ok: converts a raw 'no such table' error into Refused, naming the table, for ANY site with no guard
[06:09:39.133] [SUCCESS] (254/255) recalibrate.sh --self-test passes
[06:09:39.137] [SUCCESS] (255/255) recalibrate.sh's raw golden query matches the one CI runs
assertion: AssertionError [ERR_ASSERTION]: controlled assertion
    at main (/home/mathias/dev/arch-index-worktrees/guard-division-analysis/checks/actionable-review-reports.js:315:7)
    at Object.<anonymous> (/home/mathias/dev/arch-index-worktrees/guard-division-analysis/checks/actionable-review-reports.js:340:3)
    at Module._compile (node:internal/modules/cjs/loader:1944:14)
    at Object..js (node:internal/modules/cjs/loader:2084:10)
    at Module.load (node:internal/modules/cjs/loader:1666:32)
    at Module._load (node:internal/modules/cjs/loader:1447:12)
    at wrapModuleLoad (node:internal/modules/cjs/loader:260:19)
    at Module.executeUserEntryPoint [as runMain] (node:internal/modules/run_main:154:5)
    at node:internal/main/run_main_module:33:47
execution error: Error: controlled execution
    at main (/home/mathias/dev/arch-index-worktrees/guard-division-analysis/checks/actionable-review-reports.js:317:11)
    at Object.<anonymous> (/home/mathias/dev/arch-index-worktrees/guard-division-analysis/checks/actionable-review-reports.js:340:3)
    at Module._compile (node:internal/modules/cjs/loader:1944:14)
    at Object..js (node:internal/modules/cjs/loader:2084:10)
    at Module.load (node:internal/modules/cjs/loader:1666:32)
    at Module._load (node:internal/modules/cjs/loader:1447:12)
    at wrapModuleLoad (node:internal/modules/cjs/loader:260:19)
    at Module.executeUserEntryPoint [as runMain] (node:internal/modules/run_main:154:5)
    at node:internal/main/run_main_module:33:47
origin-consumer: cleanup report staging: injected report staging cleanup failure
origin-consumer: final record write failed: injected final record write failure
ASSERTION: deliberate checker assertion
EXECUTION: Error: deliberate checker execution error
    at main (/home/mathias/dev/arch-index-worktrees/guard-division-analysis/checks/origin-recurring-consumer.js:261:72)
    at Object.<anonymous> (/home/mathias/dev/arch-index-worktrees/guard-division-analysis/checks/origin-recurring-consumer.js:267:1)
    at Module._compile (node:internal/modules/cjs/loader:1944:14)
    at Object..js (node:internal/modules/cjs/loader:2084:10)
    at Module.load (node:internal/modules/cjs/loader:1666:32)
    at Module._load (node:internal/modules/cjs/loader:1447:12)
    at wrapModuleLoad (node:internal/modules/cjs/loader:260:19)
    at Module.executeUserEntryPoint [as runMain] (node:internal/modules/run_main:154:5)
    at node:internal/main/run_main_module:33:47
Statement error (CONSTRAINT) writing to type_usage: FOREIGN KEY constraint failed
Statement error (CONSTRAINT) writing to type_usage: FOREIGN KEY constraint failed
Statement error (CONSTRAINT) writing to dead_code_sites: FOREIGN KEY constraint failed
Statement error (CONSTRAINT) writing to dead_code_sites: FOREIGN KEY constraint failed
Statement error (CONSTRAINT) writing to dead_code_sites: FOREIGN KEY constraint failed
Statement error (CONSTRAINT) writing to functions: FOREIGN KEY constraint failed
